Archive member included to satisfy reference by file (symbol)

c:/program files (x86)/atmel/studio/7.0/toolchain/arm/arm-gnu-toolchain/bin/../lib/gcc/arm-none-eabi/6.3.1/../../../../arm-none-eabi/lib/thumb/v7e-m\libc.a(lib_a-exit.o)
                              c:/program files (x86)/atmel/studio/7.0/toolchain/arm/arm-gnu-toolchain/bin/../lib/gcc/arm-none-eabi/6.3.1/../../../../arm-none-eabi/lib/thumb/v7e-m/crt0.o (exit)
c:/program files (x86)/atmel/studio/7.0/toolchain/arm/arm-gnu-toolchain/bin/../lib/gcc/arm-none-eabi/6.3.1/../../../../arm-none-eabi/lib/thumb/v7e-m\libc.a(lib_a-impure.o)
                              c:/program files (x86)/atmel/studio/7.0/toolchain/arm/arm-gnu-toolchain/bin/../lib/gcc/arm-none-eabi/6.3.1/../../../../arm-none-eabi/lib/thumb/v7e-m\libc.a(lib_a-exit.o) (_global_impure_ptr)
c:/program files (x86)/atmel/studio/7.0/toolchain/arm/arm-gnu-toolchain/bin/../lib/gcc/arm-none-eabi/6.3.1/../../../../arm-none-eabi/lib/thumb/v7e-m\libc.a(lib_a-init.o)
                              c:/program files (x86)/atmel/studio/7.0/toolchain/arm/arm-gnu-toolchain/bin/../lib/gcc/arm-none-eabi/6.3.1/../../../../arm-none-eabi/lib/thumb/v7e-m/crt0.o (__libc_init_array)
c:/program files (x86)/atmel/studio/7.0/toolchain/arm/arm-gnu-toolchain/bin/../lib/gcc/arm-none-eabi/6.3.1/../../../../arm-none-eabi/lib/thumb/v7e-m\libc.a(lib_a-iprintf.o)
                              src/main.o (iprintf)
c:/program files (x86)/atmel/studio/7.0/toolchain/arm/arm-gnu-toolchain/bin/../lib/gcc/arm-none-eabi/6.3.1/../../../../arm-none-eabi/lib/thumb/v7e-m\libc.a(lib_a-memset.o)
                              c:/program files (x86)/atmel/studio/7.0/toolchain/arm/arm-gnu-toolchain/bin/../lib/gcc/arm-none-eabi/6.3.1/../../../../arm-none-eabi/lib/thumb/v7e-m/crt0.o (memset)
c:/program files (x86)/atmel/studio/7.0/toolchain/arm/arm-gnu-toolchain/bin/../lib/gcc/arm-none-eabi/6.3.1/../../../../arm-none-eabi/lib/thumb/v7e-m\libc.a(lib_a-puts.o)
                              src/main.o (puts)
c:/program files (x86)/atmel/studio/7.0/toolchain/arm/arm-gnu-toolchain/bin/../lib/gcc/arm-none-eabi/6.3.1/../../../../arm-none-eabi/lib/thumb/v7e-m\libc.a(lib_a-setbuf.o)
                              src/main.o (setbuf)
c:/program files (x86)/atmel/studio/7.0/toolchain/arm/arm-gnu-toolchain/bin/../lib/gcc/arm-none-eabi/6.3.1/../../../../arm-none-eabi/lib/thumb/v7e-m\libc.a(lib_a-setvbuf.o)
                              c:/program files (x86)/atmel/studio/7.0/toolchain/arm/arm-gnu-toolchain/bin/../lib/gcc/arm-none-eabi/6.3.1/../../../../arm-none-eabi/lib/thumb/v7e-m\libc.a(lib_a-setbuf.o) (setvbuf)
c:/program files (x86)/atmel/studio/7.0/toolchain/arm/arm-gnu-toolchain/bin/../lib/gcc/arm-none-eabi/6.3.1/../../../../arm-none-eabi/lib/thumb/v7e-m\libc.a(lib_a-strlen.o)
                              c:/program files (x86)/atmel/studio/7.0/toolchain/arm/arm-gnu-toolchain/bin/../lib/gcc/arm-none-eabi/6.3.1/../../../../arm-none-eabi/lib/thumb/v7e-m\libc.a(lib_a-puts.o) (strlen)
c:/program files (x86)/atmel/studio/7.0/toolchain/arm/arm-gnu-toolchain/bin/../lib/gcc/arm-none-eabi/6.3.1/../../../../arm-none-eabi/lib/thumb/v7e-m\libc.a(lib_a-vfiprintf.o)
                              c:/program files (x86)/atmel/studio/7.0/toolchain/arm/arm-gnu-toolchain/bin/../lib/gcc/arm-none-eabi/6.3.1/../../../../arm-none-eabi/lib/thumb/v7e-m\libc.a(lib_a-iprintf.o) (_vfiprintf_r)
c:/program files (x86)/atmel/studio/7.0/toolchain/arm/arm-gnu-toolchain/bin/../lib/gcc/arm-none-eabi/6.3.1/../../../../arm-none-eabi/lib/thumb/v7e-m\libc.a(lib_a-wsetup.o)
                              c:/program files (x86)/atmel/studio/7.0/toolchain/arm/arm-gnu-toolchain/bin/../lib/gcc/arm-none-eabi/6.3.1/../../../../arm-none-eabi/lib/thumb/v7e-m\libc.a(lib_a-vfiprintf.o) (__swsetup_r)
c:/program files (x86)/atmel/studio/7.0/toolchain/arm/arm-gnu-toolchain/bin/../lib/gcc/arm-none-eabi/6.3.1/../../../../arm-none-eabi/lib/thumb/v7e-m\libc.a(lib_a-__call_atexit.o)
                              c:/program files (x86)/atmel/studio/7.0/toolchain/arm/arm-gnu-toolchain/bin/../lib/gcc/arm-none-eabi/6.3.1/../../../../arm-none-eabi/lib/thumb/v7e-m\libc.a(lib_a-exit.o) (__call_exitprocs)
c:/program files (x86)/atmel/studio/7.0/toolchain/arm/arm-gnu-toolchain/bin/../lib/gcc/arm-none-eabi/6.3.1/../../../../arm-none-eabi/lib/thumb/v7e-m\libc.a(lib_a-atexit.o)
                              c:/program files (x86)/atmel/studio/7.0/toolchain/arm/arm-gnu-toolchain/bin/../lib/gcc/arm-none-eabi/6.3.1/../../../../arm-none-eabi/lib/thumb/v7e-m\libc.a(lib_a-__call_atexit.o) (atexit)
c:/program files (x86)/atmel/studio/7.0/toolchain/arm/arm-gnu-toolchain/bin/../lib/gcc/arm-none-eabi/6.3.1/../../../../arm-none-eabi/lib/thumb/v7e-m\libc.a(lib_a-fflush.o)
                              c:/program files (x86)/atmel/studio/7.0/toolchain/arm/arm-gnu-toolchain/bin/../lib/gcc/arm-none-eabi/6.3.1/../../../../arm-none-eabi/lib/thumb/v7e-m\libc.a(lib_a-setvbuf.o) (_fflush_r)
[...]
Memory Configuration

Name             Origin             Length             Attributes
rom              0x00400000         0x00200000         xr
ram              0x20400000         0x00060000         xrw
*default*        0x00000000         0xffffffff

Linker script and memory map

LOAD c:/program files (x86)/atmel/studio/7.0/toolchain/arm/arm-gnu-toolchain/bin/../lib/gcc/arm-none-eabi/6.3.1/thumb/v7e-m/crti.o
LOAD c:/program files (x86)/atmel/studio/7.0/toolchain/arm/arm-gnu-toolchain/bin/../lib/gcc/arm-none-eabi/6.3.1/thumb/v7e-m/crtbegin.o
LOAD c:/program files (x86)/atmel/studio/7.0/toolchain/arm/arm-gnu-toolchain/bin/../lib/gcc/arm-none-eabi/6.3.1/../../../../arm-none-eabi/lib/thumb/v7e-m/crt0.o
LOAD src/main.o
LOAD src/ASF/common/services/delay/sam/cycle_counter.o
LOAD src/ASF/sam/drivers/rtc/rtc.o
LOAD src/ASF/sam/drivers/tc/tc.o
LOAD src/ASF/common/services/clock/same70/sysclk.o
LOAD src/ASF/common/services/serial/usart_serial.o
LOAD src/ASF/common/services/sleepmgr/sam/sleepmgr.o
LOAD src/ASF/common/utils/interrupt/interrupt_sam_nvic.o
LOAD src/ASF/common/utils/stdio/read.o
LOAD src/ASF/common/utils/stdio/write.o
LOAD src/ASF/sam/boards/same70_xplained/init.o
LOAD src/ASF/sam/drivers/afec/afec.o
LOAD src/ASF/sam/drivers/mpu/mpu.o
LOAD src/ASF/sam/drivers/pio/pio.o
LOAD src/ASF/sam/drivers/pio/pio_handler.o
LOAD src/ASF/sam/drivers/pmc/pmc.o
LOAD src/ASF/sam/drivers/pmc/sleep.o
LOAD src/ASF/sam/drivers/uart/uart.o
LOAD src/ASF/sam/drivers/usart/usart.o
LOAD src/ASF/sam/utils/cmsis/same70/source/templates/gcc/startup_same70.o
LOAD src/ASF/sam/utils/cmsis/same70/source/templates/system_same70.o
LOAD src/ASF/sam/utils/syscalls/gcc/syscalls.o
START GROUP
LOAD ../src/ASF/thirdparty/CMSIS/Lib/GCC\libarm_cortexM7lfsp_math_softfp.a
LOAD c:/program files (x86)/atmel/studio/7.0/toolchain/arm/arm-gnu-toolchain/bin/../lib/gcc/arm-none-eabi/6.3.1/../../../../arm-none-eabi/lib/thumb/v7e-m\libm.a
END GROUP
START GROUP
LOAD c:/program files (x86)/atmel/studio/7.0/toolchain/arm/arm-gnu-toolchain/bin/../lib/gcc/arm-none-eabi/6.3.1/thumb/v7e-m\libgcc.a
LOAD c:/program files (x86)/atmel/studio/7.0/toolchain/arm/arm-gnu-toolchain/bin/../lib/gcc/arm-none-eabi/6.3.1/../../../../arm-none-eabi/lib/thumb/v7e-m\libc.a
END GROUP
LOAD c:/program files (x86)/atmel/studio/7.0/toolchain/arm/arm-gnu-toolchain/bin/../lib/gcc/arm-none-eabi/6.3.1/thumb/v7e-m/crtend.o
LOAD c:/program files (x86)/atmel/studio/7.0/toolchain/arm/arm-gnu-toolchain/bin/../lib/gcc/arm-none-eabi/6.3.1/thumb/v7e-m/crtn.o
                0x00002000                STACK_SIZE = DEFINED (STACK_SIZE)?STACK_SIZE:0x2000
                0x2045fffc                __ram_end__ = ((ORIGIN (ram) + LENGTH (ram)) - 0x4)
                0x00000200                HEAP_SIZE = DEFINED (HEAP_SIZE)?HEAP_SIZE:0x200

.text           0x00400000     0x4338
                0x00400000                . = ALIGN (0x4)
                0x00400000                _sfixed = .
 *(.vectors .vectors.*)
 .vectors       0x00400000      0x140 src/ASF/sam/utils/cmsis/same70/source/templates/gcc/startup_same70.o
                0x00400000                exception_table
 *(.text .text.* .gnu.linkonce.t.*)
 .text          0x00400140       0x6c c:/program files (x86)/atmel/studio/7.0/toolchain/arm/arm-gnu-toolchain/bin/../lib/gcc/arm-none-eabi/6.3.1/thumb/v7e-m/crtbegin.o
 .text.AFEC_Temp_callback
                0x004001ac       0x20 src/main.o
 .text.usart_serial_getchar
                0x004001cc       0xdc src/main.o
 .text.usart_serial_putchar
                0x004002a8       0xd4 src/main.o
 .text.main     0x0040037c      0x1d0 src/main.o
                0x0040037c                main
 .text.sysclk_init
                0x0040054c       0x70 src/ASF/common/services/clock/same70/sysclk.o
                0x0040054c                sysclk_init
 .text._read    0x004005bc       0x3c src/ASF/common/utils/stdio/read.o
                0x004005bc                _read
 .text._write   0x004005f8       0x50 src/ASF/common/utils/stdio/write.o
                0x004005f8                _write
 .text.board_init
                0x00400648      0x198 src/ASF/sam/boards/same70_xplained/init.o
                0x00400648                board_init
 .text.afec_process_callback
                0x004007e0       0x88 src/ASF/sam/drivers/afec/afec.o
 .text.afec_ch_set_config
                0x00400868       0x30 src/ASF/sam/drivers/afec/afec.o
                0x00400868                afec_ch_set_config
 .text.afec_temp_sensor_set_config
                0x00400898       0x14 src/ASF/sam/drivers/afec/afec.o
                0x00400898                afec_temp_sensor_set_config
 .text.afec_get_config_defaults
                0x004008ac       0x30 src/ASF/sam/drivers/afec/afec.o
                0x004008ac                afec_get_config_defaults
 .text.afec_ch_get_config_defaults
                0x004008dc        0xa src/ASF/sam/drivers/afec/afec.o
                0x004008dc                afec_ch_get_config_defaults
 .text.afec_temp_sensor_get_config_defaults
                0x004008e6       0x14 src/ASF/sam/drivers/afec/afec.o
                0x004008e6                afec_temp_sensor_get_config_defaults
 *fill*         0x004008fa        0x2 
 .text.afec_init
                0x004008fc       0xc8 src/ASF/sam/drivers/afec/afec.o
                0x004008fc                afec_init
 .text.afec_enable_interrupt
                0x004009c4       0x38 src/ASF/sam/drivers/afec/afec.o
                0x004009c4                afec_enable_interrupt
 .text.afec_set_callback
                0x004009fc       0x58 src/ASF/sam/drivers/afec/afec.o
                0x004009fc                afec_set_callback
 .text.AFEC0_Handler
                0x00400a54       0x14 src/ASF/sam/drivers/afec/afec.o
                0x00400a54                AFEC0_Handler
 .text.AFEC1_Handler
                0x00400a68       0x14 src/ASF/sam/drivers/afec/afec.o
                0x00400a68                AFEC1_Handler
 .text.afec_enable
                0x00400a7c       0x64 src/ASF/sam/drivers/afec/afec.o
                0x00400a7c                afec_enable
 .text.pio_get_interrupt_status
                0x00400ae0        0x4 src/ASF/sam/drivers/pio/pio.o
                0x00400ae0                pio_get_interrupt_status
 .text.pio_get_interrupt_mask
                0x00400ae4        0x4 src/ASF/sam/drivers/pio/pio.o
                0x00400ae4                pio_get_interrupt_mask
 .text.pio_handler_process
                0x00400ae8       0x50 src/ASF/sam/drivers/pio/pio_handler.o
                0x00400ae8                pio_handler_process
 .text.PIOA_Handler
                0x00400b38       0x14 src/ASF/sam/drivers/pio/pio_handler.o
                0x00400b38                PIOA_Handler
 .text.PIOB_Handler
                0x00400b4c       0x14 src/ASF/sam/drivers/pio/pio_handler.o
                0x00400b4c                PIOB_Handler
 .text.PIOC_Handler
                0x00400b60       0x14 src/ASF/sam/drivers/pio/pio_handler.o
                0x00400b60                PIOC_Handler
 .text.PIOD_Handler
                0x00400b74       0x14 src/ASF/sam/drivers/pio/pio_handler.o
                0x00400b74                PIOD_Handler
 .text.PIOE_Handler
                0x00400b88       0x14 src/ASF/sam/drivers/pio/pio_handler.o
                0x00400b88                PIOE_Handler
 .text.pmc_mck_set_division
                0x00400b9c       0x38 src/ASF/sam/drivers/pmc/pmc.o
                0x00400b9c                pmc_mck_set_division
 .text.pmc_switch_mck_to_pllack
                0x00400bd4       0x64 src/ASF/sam/drivers/pmc/pmc.o
                0x00400bd4                pmc_switch_mck_to_pllack
 .text.pmc_switch_mainck_to_xtal
                0x00400c38       0x54 src/ASF/sam/drivers/pmc/pmc.o
                0x00400c38                pmc_switch_mainck_to_xtal
 .text.pmc_osc_is_ready_mainck
                0x00400c8c       0x10 src/ASF/sam/drivers/pmc/pmc.o
                0x00400c8c                pmc_osc_is_ready_mainck
 .text.pmc_disable_pllack
                0x00400c9c       0x10 src/ASF/sam/drivers/pmc/pmc.o
                0x00400c9c                pmc_disable_pllack
 .text.pmc_is_locked_pllack
                0x00400cac       0x10 src/ASF/sam/drivers/pmc/pmc.o
                0x00400cac                pmc_is_locked_pllack
 .text.pmc_enable_periph_clk
                0x00400cbc       0x54 src/ASF/sam/drivers/pmc/pmc.o
                0x00400cbc                pmc_enable_periph_clk
 .text.uart_write
                0x00400d10       0x12 src/ASF/sam/drivers/uart/uart.o
                0x00400d10                uart_write
 .text.uart_read
                0x00400d22       0x14 src/ASF/sam/drivers/uart/uart.o
                0x00400d22                uart_read
 .text.usart_set_async_baudrate
                0x00400d36       0x5a src/ASF/sam/drivers/usart/usart.o
                0x00400d36                usart_set_async_baudrate
 .text.usart_reset
                0x00400d90       0x28 src/ASF/sam/drivers/usart/usart.o
                0x00400d90                usart_reset
 .text.usart_init_rs232
                0x00400db8       0x54 src/ASF/sam/drivers/usart/usart.o
                0x00400db8                usart_init_rs232
 .text.usart_enable_tx
                0x00400e0c        0x6 src/ASF/sam/drivers/usart/usart.o
                0x00400e0c                usart_enable_tx
 .text.usart_enable_rx
                0x00400e12        0x6 src/ASF/sam/drivers/usart/usart.o
                0x00400e12                usart_enable_rx
 .text.usart_write
                0x00400e18       0x16 src/ASF/sam/drivers/usart/usart.o
                0x00400e18                usart_write
 .text.usart_read
                0x00400e2e       0x18 src/ASF/sam/drivers/usart/usart.o
                0x00400e2e                usart_read
 .text.Dummy_Handler
                0x00400e46        0x2 src/ASF/sam/utils/cmsis/same70/source/templates/gcc/startup_same70.o
                0x00400e46                DACC_Handler
                0x00400e46                DebugMon_Handler
                0x00400e46                UART3_Handler
                0x00400e46                UART2_Handler
                0x00400e46                TRNG_Handler
                0x00400e46                HardFault_Handler
                0x00400e46                TC2_Handler
                0x00400e46                SysTick_Handler
                0x00400e46                PendSV_Handler
                0x00400e46                NMI_Handler
                0x00400e46                TC7_Handler
                0x00400e46                QSPI_Handler
                0x00400e46                ISI_Handler
                0x00400e46                TC9_Handler
                0x00400e46                RSWDT_Handler
                0x00400e46                MCAN1_Handler
                0x00400e46                USART0_Handler
                0x00400e46                RTT_Handler
                0x00400e46                USBHS_Handler
                0x00400e46                RTC_Handler
                0x00400e46                UsageFault_Handler
                0x00400e46                TC6_Handler
                0x00400e46                WDT_Handler
                0x00400e46                TC4_Handler
                0x00400e46                TC1_Handler
                0x00400e46                HSMCI_Handler
                0x00400e46                UART1_Handler
                0x00400e46                TC3_Handler
                0x00400e46                Dummy_Handler
                0x00400e46                TWIHS1_Handler
                0x00400e46                XDMAC_Handler
                0x00400e46                UART4_Handler
                0x00400e46                PWM1_Handler
                0x00400e46                USART1_Handler
                0x00400e46                PWM0_Handler
                0x00400e46                SSC_Handler
                0x00400e46                TC11_Handler
                0x00400e46                ACC_Handler
                0x00400e46                PMC_Handler
                0x00400e46                GMAC_Handler
                0x00400e46                MemManage_Handler
                0x00400e46                SUPC_Handler
                0x00400e46                SVC_Handler
                0x00400e46                TC8_Handler
                0x00400e46                EFC_Handler
                0x00400e46                USART2_Handler
                0x00400e46                SDRAMC_Handler
                0x00400e46                SPI1_Handler
                0x00400e46                MCAN0_Handler
                0x00400e46                TC10_Handler
                0x00400e46                TWIHS2_Handler
                0x00400e46                UART0_Handler
                0x00400e46                BusFault_Handler
                0x00400e46                RSTC_Handler
                0x00400e46                TC0_Handler
                0x00400e46                TC5_Handler
                0x00400e46                ICM_Handler
                0x00400e46                AES_Handler
                0x00400e46                TWIHS0_Handler
                0x00400e46                SPI0_Handler
 .text.Reset_Handler
                0x00400e48       0xc8 src/ASF/sam/utils/cmsis/same70/source/templates/gcc/startup_same70.o
                0x00400e48                Reset_Handler
 .text.SystemCoreClockUpdate
                0x00400f10      0x10c src/ASF/sam/utils/cmsis/same70/source/templates/system_same70.o
                0x00400f10                SystemCoreClockUpdate
 .text.system_init_flash
                0x0040101c       0x8c src/ASF/sam/utils/cmsis/same70/source/templates/system_same70.o
                0x0040101c                system_init_flash
 .text._sbrk    0x004010a8       0x38 src/ASF/sam/utils/syscalls/gcc/syscalls.o
                0x004010a8                _sbrk
 .text._close   0x004010e0        0x6 src/ASF/sam/utils/syscalls/gcc/syscalls.o
                0x004010e0                _close
 .text._fstat   0x004010e6        0xa src/ASF/sam/utils/syscalls/gcc/syscalls.o
                0x004010e6                _fstat
 .text._isatty  0x004010f0        0x4 src/ASF/sam/utils/syscalls/gcc/syscalls.o
                0x004010f0                _isatty
 .text._lseek   0x004010f4        0x4 src/ASF/sam/utils/syscalls/gcc/syscalls.o
                0x004010f4                _lseek
 .text.__libc_init_array
                0x004010f8       0x50 c:/program files (x86)/atmel/studio/7.0/toolchain/arm/arm-gnu-toolchain/bin/../lib/gcc/arm-none-eabi/6.3.1/../../../../arm-none-eabi/lib/thumb/v7e-m\libc.a(lib_a-init.o)
                0x004010f8                __libc_init_array
 .text.iprintf  0x00401148       0x28 c:/program files (x86)/atmel/studio/7.0/toolchain/arm/arm-gnu-toolchain/bin/../lib/gcc/arm-none-eabi/6.3.1/../../../../arm-none-eabi/lib/thumb/v7e-m\libc.a(lib_a-iprintf.o)
                0x00401148                iprintf
 .text.memset   0x00401170       0x9c c:/program files (x86)/atmel/studio/7.0/toolchain/arm/arm-gnu-toolchain/bin/../lib/gcc/arm-none-eabi/6.3.1/../../../../arm-none-eabi/lib/thumb/v7e-m\libc.a(lib_a-memset.o)
                0x00401170                memset
 .text._puts_r  0x0040120c       0x9c c:/program files (x86)/atmel/studio/7.0/toolchain/arm/arm-gnu-toolchain/bin/../lib/gcc/arm-none-eabi/6.3.1/../../../../arm-none-eabi/lib/thumb/v7e-m\libc.a(lib_a-puts.o)
                0x0040120c                _puts_r
 .text.puts     0x004012a8       0x10 c:/program files (x86)/atmel/studio/7.0/toolchain/arm/arm-gnu-toolchain/bin/../lib/gcc/arm-none-eabi/6.3.1/../../../../arm-none-eabi/lib/thumb/v7e-m\libc.a(lib_a-puts.o)
                0x004012a8                puts
 .text.setbuf   0x004012b8       0x10 c:/program files (x86)/atmel/studio/7.0/toolchain/arm/arm-gnu-toolchain/bin/../lib/gcc/arm-none-eabi/6.3.1/../../../../arm-none-eabi/lib/thumb/v7e-m\libc.a(lib_a-setbuf.o)
                0x004012b8                setbuf
 .text.setvbuf  0x004012c8      0x190 c:/program files (x86)/atmel/studio/7.0/toolchain/arm/arm-gnu-toolchain/bin/../lib/gcc/arm-none-eabi/6.3.1/../../../../arm-none-eabi/lib/thumb/v7e-m\libc.a(lib_a-setvbuf.o)
                0x004012c8                setvbuf
 *fill*         0x00401458       0x28 
 .text          0x00401480       0xdc c:/program files (x86)/atmel/studio/7.0/toolchain/arm/arm-gnu-toolchain/bin/../lib/gcc/arm-none-eabi/6.3.1/../../../../arm-none-eabi/lib/thumb/v7e-m\libc.a(lib_a-strlen.o)
                0x00401480                strlen
 .text.__sprint_r.part.0
                0x0040155c       0x80 c:/program files (x86)/atmel/studio/7.0/toolchain/arm/arm-gnu-toolchain/bin/../lib/gcc/arm-none-eabi/6.3.1/../../../../arm-none-eabi/lib/thumb/v7e-m\libc.a(lib_a-vfiprintf.o)
 .text._vfiprintf_r
                0x004015dc      0xc90 c:/program files (x86)/atmel/studio/7.0/toolchain/arm/arm-gnu-toolchain/bin/../lib/gcc/arm-none-eabi/6.3.1/../../../../arm-none-eabi/lib/thumb/v7e-m\libc.a(lib_a-vfiprintf.o)
                0x004015dc                _vfiprintf_r
 .text.__sbprintf
                0x0040226c       0x84 c:/program files (x86)/atmel/studio/7.0/toolchain/arm/arm-gnu-toolchain/bin/../lib/gcc/arm-none-eabi/6.3.1/../../../../arm-none-eabi/lib/thumb/v7e-m\libc.a(lib_a-vfiprintf.o)
 .text.__swsetup_r
                0x004022f0       0xc8 c:/program files (x86)/atmel/studio/7.0/toolchain/arm/arm-gnu-toolchain/bin/../lib/gcc/arm-none-eabi/6.3.1/../../../../arm-none-eabi/lib/thumb/v7e-m\libc.a(lib_a-wsetup.o)
                0x004022f0                __swsetup_r
 .text.startup.register_fini
                0x004023b8       0x14 c:/program files (x86)/atmel/studio/7.0/toolchain/arm/arm-gnu-toolchain/bin/../lib/gcc/arm-none-eabi/6.3.1/../../../../arm-none-eabi/lib/thumb/v7e-m\libc.a(lib_a-__call_atexit.o)
 .text.atexit   0x004023cc        0xc c:/program files (x86)/atmel/studio/7.0/toolchain/arm/arm-gnu-toolchain/bin/../lib/gcc/arm-none-eabi/6.3.1/../../../../arm-none-eabi/lib/thumb/v7e-m\libc.a(lib_a-atexit.o)
                0x004023cc                atexit
 .text.__sflush_r
                0x004023d8      0x140 c:/program files (x86)/atmel/studio/7.0/toolchain/arm/arm-gnu-toolchain/bin/../lib/gcc/arm-none-eabi/6.3.1/../../../../arm-none-eabi/lib/thumb/v7e-m\libc.a(lib_a-fflush.o)
                0x004023d8                __sflush_r
 .text._fflush_r
                0x00402518       0x54 c:/program files (x86)/atmel/studio/7.0/toolchain/arm/arm-gnu-toolchain/bin/../lib/gcc/arm-none-eabi/6.3.1/../../../../arm-none-eabi/lib/thumb/v7e-m\libc.a(lib_a-fflush.o)
                0x00402518                _fflush_r
 .text._cleanup_r
                0x0040256c        0xc c:/program files (x86)/atmel/studio/7.0/toolchain/arm/arm-gnu-toolchain/bin/../lib/gcc/arm-none-eabi/6.3.1/../../../../arm-none-eabi/lib/thumb/v7e-m\libc.a(lib_a-findfp.o)
                0x0040256c                _cleanup_r
 .text.std.isra.0
                0x00402578       0x50 c:/program files (x86)/atmel/studio/7.0/toolchain/arm/arm-gnu-toolchain/bin/../lib/gcc/arm-none-eabi/6.3.1/../../../../arm-none-eabi/lib/thumb/v7e-m\libc.a(lib_a-findfp.o)
 .text.__sinit  0x004025c8       0x58 c:/program files (x86)/atmel/studio/7.0/toolchain/arm/arm-gnu-toolchain/bin/../lib/gcc/arm-none-eabi/6.3.1/../../../../arm-none-eabi/lib/thumb/v7e-m\libc.a(lib_a-findfp.o)
                0x004025c8                __sinit
 .text.__sfp_lock_acquire
                0x00402620        0xc c:/program files (x86)/atmel/studio/7.0/toolchain/arm/arm-gnu-toolchain/bin/../lib/gcc/arm-none-eabi/6.3.1/../../../../arm-none-eabi/lib/thumb/v7e-m\libc.a(lib_a-findfp.o)
                0x00402620                __sfp_lock_acquire
 .text.__sfp_lock_release
                0x0040262c        0xc c:/program files (x86)/atmel/studio/7.0/toolchain/arm/arm-gnu-toolchain/bin/../lib/gcc/arm-none-eabi/6.3.1/../../../../arm-none-eabi/lib/thumb/v7e-m\libc.a(lib_a-findfp.o)
                0x0040262c                __sfp_lock_release
 .text.__libc_fini_array
                0x00402638       0x34 c:/program files (x86)/atmel/studio/7.0/toolchain/arm/arm-gnu-toolchain/bin/../lib/gcc/arm-none-eabi/6.3.1/../../../../arm-none-eabi/lib/thumb/v7e-m\libc.a(lib_a-fini.o)
                0x00402638                __libc_fini_array
 .text.__fputwc
                0x0040266c       0xa0 c:/program files (x86)/atmel/studio/7.0/toolchain/arm/arm-gnu-toolchain/bin/../lib/gcc/arm-none-eabi/6.3.1/../../../../arm-none-eabi/lib/thumb/v7e-m\libc.a(lib_a-fputwc.o)
                0x0040266c                __fputwc
 .text._fputwc_r
                0x0040270c       0x68 c:/program files (x86)/atmel/studio/7.0/toolchain/arm/arm-gnu-toolchain/bin/../lib/gcc/arm-none-eabi/6.3.1/../../../../arm-none-eabi/lib/thumb/v7e-m\libc.a(lib_a-fputwc.o)
                0x0040270c                _fputwc_r
 .text._malloc_trim_r
                0x00402774       0xa0 c:/program files (x86)/atmel/studio/7.0/toolchain/arm/arm-gnu-toolchain/bin/../lib/gcc/arm-none-eabi/6.3.1/../../../../arm-none-eabi/lib/thumb/v7e-m\libc.a(lib_a-freer.o)
                0x00402774                _malloc_trim_r
 .text._free_r  0x00402814      0x1cc c:/program files (x86)/atmel/studio/7.0/toolchain/arm/arm-gnu-toolchain/bin/../lib/gcc/arm-none-eabi/6.3.1/../../../../arm-none-eabi/lib/thumb/v7e-m\libc.a(lib_a-freer.o)
                0x00402814                _free_r
 .text.__sfvwrite_r
                0x004029e0      0x2f0 c:/program files (x86)/atmel/studio/7.0/toolchain/arm/arm-gnu-toolchain/bin/../lib/gcc/arm-none-eabi/6.3.1/../../../../arm-none-eabi/lib/thumb/v7e-m\libc.a(lib_a-fvwrite.o)
                0x004029e0                __sfvwrite_r
 .text._fwalk_reent
                0x00402cd0       0x54 c:/program files (x86)/atmel/studio/7.0/toolchain/arm/arm-gnu-toolchain/bin/../lib/gcc/arm-none-eabi/6.3.1/../../../../arm-none-eabi/lib/thumb/v7e-m\libc.a(lib_a-fwalk.o)
                0x00402cd0                _fwalk_reent
 .text.__locale_mb_cur_max
                0x00402d24       0x1c c:/program files (x86)/atmel/studio/7.0/toolchain/arm/arm-gnu-toolchain/bin/../lib/gcc/arm-none-eabi/6.3.1/../../../../arm-none-eabi/lib/thumb/v7e-m\libc.a(lib_a-locale.o)
                0x00402d24                __locale_mb_cur_max
 .text.__retarget_lock_init_recursive
                0x00402d40        0x4 c:/program files (x86)/atmel/studio/7.0/toolchain/arm/arm-gnu-toolchain/bin/../lib/gcc/arm-none-eabi/6.3.1/../../../../arm-none-eabi/lib/thumb/v7e-m\libc.a(lib_a-lock.o)
                0x00402d40                __retarget_lock_init_recursive
 .text.__retarget_lock_close_recursive
                0x00402d44        0x4 c:/program files (x86)/atmel/studio/7.0/toolchain/arm/arm-gnu-toolchain/bin/../lib/gcc/arm-none-eabi/6.3.1/../../../../arm-none-eabi/lib/thumb/v7e-m\libc.a(lib_a-lock.o)
                0x00402d44                __retarget_lock_close_recursive
 .text.__retarget_lock_acquire_recursive
                0x00402d48        0x4 c:/program files (x86)/atmel/studio/7.0/toolchain/arm/arm-gnu-toolchain/bin/../lib/gcc/arm-none-eabi/6.3.1/../../../../arm-none-eabi/lib/thumb/v7e-m\libc.a(lib_a-lock.o)
                0x00402d48                __retarget_lock_acquire_recursive
 .text.__retarget_lock_release_recursive
                0x00402d4c        0x4 c:/program files (x86)/atmel/studio/7.0/toolchain/arm/arm-gnu-toolchain/bin/../lib/gcc/arm-none-eabi/6.3.1/../../../../arm-none-eabi/lib/thumb/v7e-m\libc.a(lib_a-lock.o)
                0x00402d4c                __retarget_lock_release_recursive
 .text.__swhatbuf_r
                0x00402d50       0x5c c:/program files (x86)/atmel/studio/7.0/toolchain/arm/arm-gnu-toolchain/bin/../lib/gcc/arm-none-eabi/6.3.1/../../../../arm-none-eabi/lib/thumb/v7e-m\libc.a(lib_a-makebuf.o)
                0x00402d50                __swhatbuf_r
 .text.__smakebuf_r
                0x00402dac       0x94 c:/program files (x86)/atmel/studio/7.0/toolchain/arm/arm-gnu-toolchain/bin/../lib/gcc/arm-none-eabi/6.3.1/../../../../arm-none-eabi/lib/thumb/v7e-m\libc.a(lib_a-makebuf.o)
                0x00402dac                __smakebuf_r
 .text.malloc   0x00402e40       0x10 c:/program files (x86)/atmel/studio/7.0/toolchain/arm/arm-gnu-toolchain/bin/../lib/gcc/arm-none-eabi/6.3.1/../../../../arm-none-eabi/lib/thumb/v7e-m\libc.a(lib_a-malloc.o)
                0x00402e40                malloc
 .text._malloc_r
                0x00402e50      0x560 c:/program files (x86)/atmel/studio/7.0/toolchain/arm/arm-gnu-toolchain/bin/../lib/gcc/arm-none-eabi/6.3.1/../../../../arm-none-eabi/lib/thumb/v7e-m\libc.a(lib_a-mallocr.o)
                0x00402e50                _malloc_r
 .text.__ascii_mbtowc
                0x004033b0       0x2c c:/program files (x86)/atmel/studio/7.0/toolchain/arm/arm-gnu-toolchain/bin/../lib/gcc/arm-none-eabi/6.3.1/../../../../arm-none-eabi/lib/thumb/v7e-m\libc.a(lib_a-mbtowc_r.o)
                0x004033b0                __ascii_mbtowc
 *fill*         0x004033dc        0x4 
 .text          0x004033e0       0xa0 c:/program files (x86)/atmel/studio/7.0/toolchain/arm/arm-gnu-toolchain/bin/../lib/gcc/arm-none-eabi/6.3.1/../../../../arm-none-eabi/lib/thumb/v7e-m\libc.a(lib_a-memchr.o)
                0x004033e0                memchr
 .text          0x00403480      0x134 c:/program files (x86)/atmel/studio/7.0/toolchain/arm/arm-gnu-toolchain/bin/../lib/gcc/arm-none-eabi/6.3.1/../../../../arm-none-eabi/lib/thumb/v7e-m\libc.a(lib_a-memcpy.o)
                0x00403480                memcpy
 .text.memmove  0x004035b4       0xc8 c:/program files (x86)/atmel/studio/7.0/toolchain/arm/arm-gnu-toolchain/bin/../lib/gcc/arm-none-eabi/6.3.1/../../../../arm-none-eabi/lib/thumb/v7e-m\libc.a(lib_a-memmove.o)
                0x004035b4                memmove
 .text.__malloc_lock
                0x0040367c        0xc c:/program files (x86)/atmel/studio/7.0/toolchain/arm/arm-gnu-toolchain/bin/../lib/gcc/arm-none-eabi/6.3.1/../../../../arm-none-eabi/lib/thumb/v7e-m\libc.a(lib_a-mlock.o)
                0x0040367c                __malloc_lock
 .text.__malloc_unlock
                0x00403688        0xc c:/program files (x86)/atmel/studio/7.0/toolchain/arm/arm-gnu-toolchain/bin/../lib/gcc/arm-none-eabi/6.3.1/../../../../arm-none-eabi/lib/thumb/v7e-m\libc.a(lib_a-mlock.o)
                0x00403688                __malloc_unlock
 .text._realloc_r
                0x00403694      0x34c c:/program files (x86)/atmel/studio/7.0/toolchain/arm/arm-gnu-toolchain/bin/../lib/gcc/arm-none-eabi/6.3.1/../../../../arm-none-eabi/lib/thumb/v7e-m\libc.a(lib_a-reallocr.o)
                0x00403694                _realloc_r
 .text._sbrk_r  0x004039e0       0x24 c:/program files (x86)/atmel/studio/7.0/toolchain/arm/arm-gnu-toolchain/bin/../lib/gcc/arm-none-eabi/6.3.1/../../../../arm-none-eabi/lib/thumb/v7e-m\libc.a(lib_a-sbrkr.o)
                0x004039e0                _sbrk_r
 .text.__sread  0x00403a04       0x24 c:/program files (x86)/atmel/studio/7.0/toolchain/arm/arm-gnu-toolchain/bin/../lib/gcc/arm-none-eabi/6.3.1/../../../../arm-none-eabi/lib/thumb/v7e-m\libc.a(lib_a-stdio.o)
                0x00403a04                __sread
 .text.__swrite
                0x00403a28       0x3c c:/program files (x86)/atmel/studio/7.0/toolchain/arm/arm-gnu-toolchain/bin/../lib/gcc/arm-none-eabi/6.3.1/../../../../arm-none-eabi/lib/thumb/v7e-m\libc.a(lib_a-stdio.o)
                0x00403a28                __swrite
 .text.__sseek  0x00403a64       0x20 c:/program files (x86)/atmel/studio/7.0/toolchain/arm/arm-gnu-toolchain/bin/../lib/gcc/arm-none-eabi/6.3.1/../../../../arm-none-eabi/lib/thumb/v7e-m\libc.a(lib_a-stdio.o)
                0x00403a64                __sseek
 .text.__sclose
                0x00403a84        0x8 c:/program files (x86)/atmel/studio/7.0/toolchain/arm/arm-gnu-toolchain/bin/../lib/gcc/arm-none-eabi/6.3.1/../../../../arm-none-eabi/lib/thumb/v7e-m\libc.a(lib_a-stdio.o)
                0x00403a84                __sclose
 .text.__swbuf_r
                0x00403a8c       0xb0 c:/program files (x86)/atmel/studio/7.0/toolchain/arm/arm-gnu-toolchain/bin/../lib/gcc/arm-none-eabi/6.3.1/../../../../arm-none-eabi/lib/thumb/v7e-m\libc.a(lib_a-wbuf.o)
                0x00403a8c                __swbuf_r
 .text._wcrtomb_r
                0x00403b3c       0x54 c:/program files (x86)/atmel/studio/7.0/toolchain/arm/arm-gnu-toolchain/bin/../lib/gcc/arm-none-eabi/6.3.1/../../../../arm-none-eabi/lib/thumb/v7e-m\libc.a(lib_a-wcrtomb.o)
                0x00403b3c                _wcrtomb_r
 .text.__ascii_wctomb
                0x00403b90       0x1c c:/program files (x86)/atmel/studio/7.0/toolchain/arm/arm-gnu-toolchain/bin/../lib/gcc/arm-none-eabi/6.3.1/../../../../arm-none-eabi/lib/thumb/v7e-m\libc.a(lib_a-wctomb_r.o)
                0x00403b90                __ascii_wctomb
 .text._write_r
                0x00403bac       0x2c c:/program files (x86)/atmel/studio/7.0/toolchain/arm/arm-gnu-toolchain/bin/../lib/gcc/arm-none-eabi/6.3.1/../../../../arm-none-eabi/lib/thumb/v7e-m\libc.a(lib_a-writer.o)
                0x00403bac                _write_r
 .text.__register_exitproc
                0x00403bd8       0xc4 c:/program files (x86)/atmel/studio/7.0/toolchain/arm/arm-gnu-toolchain/bin/../lib/gcc/arm-none-eabi/6.3.1/../../../../arm-none-eabi/lib/thumb/v7e-m\libc.a(lib_a-__atexit.o)
                0x00403bd8                __register_exitproc
 .text._close_r
                0x00403c9c       0x24 c:/program files (x86)/atmel/studio/7.0/toolchain/arm/arm-gnu-toolchain/bin/../lib/gcc/arm-none-eabi/6.3.1/../../../../arm-none-eabi/lib/thumb/v7e-m\libc.a(lib_a-closer.o)
                0x00403c9c                _close_r
 .text._fclose_r
                0x00403cc0       0xc4 c:/program files (x86)/atmel/studio/7.0/toolchain/arm/arm-gnu-toolchain/bin/../lib/gcc/arm-none-eabi/6.3.1/../../../../arm-none-eabi/lib/thumb/v7e-m\libc.a(lib_a-fclose.o)
                0x00403cc0                _fclose_r
 .text._fstat_r
                0x00403d84       0x28 c:/program files (x86)/atmel/studio/7.0/toolchain/arm/arm-gnu-toolchain/bin/../lib/gcc/arm-none-eabi/6.3.1/../../../../arm-none-eabi/lib/thumb/v7e-m\libc.a(lib_a-fstatr.o)
                0x00403d84                _fstat_r
 .text._isatty_r
                0x00403dac       0x24 c:/program files (x86)/atmel/studio/7.0/toolchain/arm/arm-gnu-toolchain/bin/../lib/gcc/arm-none-eabi/6.3.1/../../../../arm-none-eabi/lib/thumb/v7e-m\libc.a(lib_a-isattyr.o)
                0x00403dac                _isatty_r
 .text._lseek_r
                0x00403dd0       0x2c c:/program files (x86)/atmel/studio/7.0/toolchain/arm/arm-gnu-toolchain/bin/../lib/gcc/arm-none-eabi/6.3.1/../../../../arm-none-eabi/lib/thumb/v7e-m\libc.a(lib_a-lseekr.o)
                0x00403dd0                _lseek_r
 .text._read_r  0x00403dfc       0x2c c:/program files (x86)/atmel/studio/7.0/toolchain/arm/arm-gnu-toolchain/bin/../lib/gcc/arm-none-eabi/6.3.1/../../../../arm-none-eabi/lib/thumb/v7e-m\libc.a(lib_a-readr.o)
                0x00403dfc                _read_r
 .text          0x00403e28       0x30 c:/program files (x86)/atmel/studio/7.0/toolchain/arm/arm-gnu-toolchain/bin/../lib/gcc/arm-none-eabi/6.3.1/thumb/v7e-m\libgcc.a(_aeabi_uldivmod.o)
                0x00403e28                __aeabi_uldivmod
 .text          0x00403e58      0x2dc c:/program files (x86)/atmel/studio/7.0/toolchain/arm/arm-gnu-toolchain/bin/../lib/gcc/arm-none-eabi/6.3.1/thumb/v7e-m\libgcc.a(_udivmoddi4.o)
                0x00403e58                __udivmoddi4
 .text          0x00404134        0x4 c:/program files (x86)/atmel/studio/7.0/toolchain/arm/arm-gnu-toolchain/bin/../lib/gcc/arm-none-eabi/6.3.1/thumb/v7e-m\libgcc.a(_dvmd_tls.o)
                0x00404134                __aeabi_idiv0
                0x00404134                __aeabi_ldiv0
 *(.glue_7t)
 .glue_7t       0x00404138        0x0 linker stubs
 *(.glue_7)
 .glue_7        0x00404138        0x0 linker stubs
 *(.rodata .rodata* .gnu.linkonce.r.*)
 .rodata.main.str1.4
                0x00404138       0x6d src/main.o
 *fill*         0x004041a5        0x3 
 .rodata._global_impure_ptr
                0x004041a8        0x4 c:/program files (x86)/atmel/studio/7.0/toolchain/arm/arm-gnu-toolchain/bin/../lib/gcc/arm-none-eabi/6.3.1/../../../../arm-none-eabi/lib/thumb/v7e-m\libc.a(lib_a-impure.o)
                0x004041a8                _global_impure_ptr
 .rodata._puts_r.str1.4
                0x004041ac        0x2 c:/program files (x86)/atmel/studio/7.0/toolchain/arm/arm-gnu-toolchain/bin/../lib/gcc/arm-none-eabi/6.3.1/../../../../arm-none-eabi/lib/thumb/v7e-m\libc.a(lib_a-puts.o)
 *fill*         0x004041ae        0x2 
 .rodata._vfiprintf_r.str1.4
                0x004041b0       0x2f c:/program files (x86)/atmel/studio/7.0/toolchain/arm/arm-gnu-toolchain/bin/../lib/gcc/arm-none-eabi/6.3.1/../../../../arm-none-eabi/lib/thumb/v7e-m\libc.a(lib_a-vfiprintf.o)
 *fill*         0x004041df        0x1 
 .rodata.blanks.7217
                0x004041e0       0x10 c:/program files (x86)/atmel/studio/7.0/toolchain/arm/arm-gnu-toolchain/bin/../lib/gcc/arm-none-eabi/6.3.1/../../../../arm-none-eabi/lib/thumb/v7e-m\libc.a(lib_a-vfiprintf.o)
 .rodata.zeroes.7218
                0x004041f0       0x10 c:/program files (x86)/atmel/studio/7.0/toolchain/arm/arm-gnu-toolchain/bin/../lib/gcc/arm-none-eabi/6.3.1/../../../../arm-none-eabi/lib/thumb/v7e-m\libc.a(lib_a-vfiprintf.o)
 .rodata._setlocale_r.str1.4
                0x00404200        0xa c:/program files (x86)/atmel/studio/7.0/toolchain/arm/arm-gnu-toolchain/bin/../lib/gcc/arm-none-eabi/6.3.1/../../../../arm-none-eabi/lib/thumb/v7e-m\libc.a(lib_a-locale.o)
                                  0xd (size before relaxing)
 *fill*         0x0040420a        0x2 
 .rodata.str1.4
                0x0040420c        0x4 c:/program files (x86)/atmel/studio/7.0/toolchain/arm/arm-gnu-toolchain/bin/../lib/gcc/arm-none-eabi/6.3.1/../../../../arm-none-eabi/lib/thumb/v7e-m\libc.a(lib_a-locale.o)
                                  0x2 (size before relaxing)
 .rodata._ctype_
                0x00404210      0x101 c:/program files (x86)/atmel/studio/7.0/toolchain/arm/arm-gnu-toolchain/bin/../lib/gcc/arm-none-eabi/6.3.1/../../../../arm-none-eabi/lib/thumb/v7e-m\libc.a(lib_a-ctype_.o)
                0x00404210                _ctype_
 *(.ARM.extab* .gnu.linkonce.armextab.*)
                0x00404314                . = ALIGN (0x4)
 *fill*         0x00404311        0x3 
 *(.init)
 .init          0x00404314        0x4 c:/program files (x86)/atmel/studio/7.0/toolchain/arm/arm-gnu-toolchain/bin/../lib/gcc/arm-none-eabi/6.3.1/thumb/v7e-m/crti.o
                0x00404314                _init
 .init          0x00404318        0x8 c:/program files (x86)/atmel/studio/7.0/toolchain/arm/arm-gnu-toolchain/bin/../lib/gcc/arm-none-eabi/6.3.1/thumb/v7e-m/crtn.o
                0x00404320                . = ALIGN (0x4)
                0x00404320                __preinit_array_start = .
 *(.preinit_array)
                0x00404320                __preinit_array_end = .
                0x00404320                . = ALIGN (0x4)
                0x00404320                __init_array_start = .
 *(SORT(.init_array.*))
 .init_array.00000
                0x00404320        0x4 c:/program files (x86)/atmel/studio/7.0/toolchain/arm/arm-gnu-toolchain/bin/../lib/gcc/arm-none-eabi/6.3.1/../../../../arm-none-eabi/lib/thumb/v7e-m\libc.a(lib_a-__call_atexit.o)
 *(.init_array)
 .init_array    0x00404324        0x4 c:/program files (x86)/atmel/studio/7.0/toolchain/arm/arm-gnu-toolchain/bin/../lib/gcc/arm-none-eabi/6.3.1/thumb/v7e-m/crtbegin.o
                0x00404328                __init_array_end = .
                0x00404328                . = ALIGN (0x4)
 *crtbegin.o(.ctors)
 *(EXCLUDE_FILE(*crtend.o) .ctors)
 *(SORT(.ctors.*))
 *crtend.o(.ctors)
                0x00404328                . = ALIGN (0x4)
 *(.fini)
 .fini          0x00404328        0x4 c:/program files (x86)/atmel/studio/7.0/toolchain/arm/arm-gnu-toolchain/bin/../lib/gcc/arm-none-eabi/6.3.1/thumb/v7e-m/crti.o
                0x00404328                _fini
 .fini          0x0040432c        0x8 c:/program files (x86)/atmel/studio/7.0/toolchain/arm/arm-gnu-toolchain/bin/../lib/gcc/arm-none-eabi/6.3.1/thumb/v7e-m/crtn.o
                0x00404334                . = ALIGN (0x4)
                0x00404334                __fini_array_start = .
 *(.fini_array)
 .fini_array    0x00404334        0x4 c:/program files (x86)/atmel/studio/7.0/toolchain/arm/arm-gnu-toolchain/bin/../lib/gcc/arm-none-eabi/6.3.1/thumb/v7e-m/crtbegin.o
 *(SORT(.fini_array.*))
                0x00404338                __fini_array_end = .
 *crtbegin.o(.dtors)
 *(EXCLUDE_FILE(*crtend.o) .dtors)
 *(SORT(.dtors.*))
 *crtend.o(.dtors)
                0x00404338                . = ALIGN (0x4)
                0x00404338                _efixed = .
                [!provide]                PROVIDE (__exidx_start, .)

.vfp11_veneer   0x00404338        0x0
 .vfp11_veneer  0x00404338        0x0 linker stubs

.v4_bx          0x00404338        0x0
 .v4_bx         0x00404338        0x0 linker stubs

.iplt           0x00404338        0x0
 .iplt          0x00404338        0x0 c:/program files (x86)/atmel/studio/7.0/toolchain/arm/arm-gnu-toolchain/bin/../lib/gcc/arm-none-eabi/6.3.1/thumb/v7e-m/crtbegin.o

.ARM.exidx      0x00404338        0x8
 *(.ARM.exidx* .gnu.linkonce.armexidx.*)
 .ARM.exidx     0x00404338        0x8 c:/program files (x86)/atmel/studio/7.0/toolchain/arm/arm-gnu-toolchain/bin/../lib/gcc/arm-none-eabi/6.3.1/thumb/v7e-m\libgcc.a(_udivmoddi4.o)
                [!provide]                PROVIDE (__exidx_end, .)

.eh_frame       0x00404340        0x0
 .eh_frame      0x00404340        0x0 c:/program files (x86)/atmel/studio/7.0/toolchain/arm/arm-gnu-toolchain/bin/../lib/gcc/arm-none-eabi/6.3.1/thumb/v7e-m/crtbegin.o

.rel.dyn        0x00404340        0x0
 .rel.iplt      0x00404340        0x0 c:/program files (x86)/atmel/studio/7.0/toolchain/arm/arm-gnu-toolchain/bin/../lib/gcc/arm-none-eabi/6.3.1/thumb/v7e-m/crtbegin.o

.jcr            0x00404340        0x0
 .jcr           0x00404340        0x0 c:/program files (x86)/atmel/studio/7.0/toolchain/arm/arm-gnu-toolchain/bin/../lib/gcc/arm-none-eabi/6.3.1/thumb/v7e-m/crtbegin.o

.igot.plt       0x00404340        0x0
 .igot.plt      0x00404340        0x0 c:/program files (x86)/atmel/studio/7.0/toolchain/arm/arm-gnu-toolchain/bin/../lib/gcc/arm-none-eabi/6.3.1/thumb/v7e-m/crtbegin.o
                0x00404340                . = ALIGN (0x4)
                0x00404340                _etext = .

.relocate       0x20400000      0x9c0 load address 0x00404340
                0x20400000                . = ALIGN (0x4)
                0x20400000                _srelocate = .
 *(.ramfunc .ramfunc.*)
 .ramfunc       0x20400000        0xa src/ASF/common/services/delay/sam/cycle_counter.o
                0x20400000                portable_delay_cycles
 *(.data .data.*)
 .data.g_interrupt_enabled
                0x2040000a        0x1 src/ASF/common/utils/interrupt/interrupt_sam_nvic.o
                0x2040000a                g_interrupt_enabled
 *fill*         0x2040000b        0x1 
 .data.SystemCoreClock
                0x2040000c        0x4 src/ASF/sam/utils/cmsis/same70/source/templates/system_same70.o
                0x2040000c                SystemCoreClock
 .data._impure_ptr
                0x20400010        0x4 c:/program files (x86)/atmel/studio/7.0/toolchain/arm/arm-gnu-toolchain/bin/../lib/gcc/arm-none-eabi/6.3.1/../../../../arm-none-eabi/lib/thumb/v7e-m\libc.a(lib_a-impure.o)
                0x20400010                _impure_ptr
 *fill*         0x20400014        0x4 
 .data.impure_data
                0x20400018      0x428 c:/program files (x86)/atmel/studio/7.0/toolchain/arm/arm-gnu-toolchain/bin/../lib/gcc/arm-none-eabi/6.3.1/../../../../arm-none-eabi/lib/thumb/v7e-m\libc.a(lib_a-impure.o)
 .data.__atexit_recursive_mutex
                0x20400440        0x4 c:/program files (x86)/atmel/studio/7.0/toolchain/arm/arm-gnu-toolchain/bin/../lib/gcc/arm-none-eabi/6.3.1/../../../../arm-none-eabi/lib/thumb/v7e-m\libc.a(lib_a-__call_atexit.o)
                0x20400440                __atexit_recursive_mutex
 .data.__global_locale
                0x20400444      0x16c c:/program files (x86)/atmel/studio/7.0/toolchain/arm/arm-gnu-toolchain/bin/../lib/gcc/arm-none-eabi/6.3.1/../../../../arm-none-eabi/lib/thumb/v7e-m\libc.a(lib_a-locale.o)
                0x20400444                __global_locale
 .data.__malloc_av_
                0x204005b0      0x408 c:/program files (x86)/atmel/studio/7.0/toolchain/arm/arm-gnu-toolchain/bin/../lib/gcc/arm-none-eabi/6.3.1/../../../../arm-none-eabi/lib/thumb/v7e-m\libc.a(lib_a-mallocr.o)
                0x204005b0                __malloc_av_
 .data.__malloc_sbrk_base
                0x204009b8        0x4 c:/program files (x86)/atmel/studio/7.0/toolchain/arm/arm-gnu-toolchain/bin/../lib/gcc/arm-none-eabi/6.3.1/../../../../arm-none-eabi/lib/thumb/v7e-m\libc.a(lib_a-mallocr.o)
                0x204009b8                __malloc_sbrk_base
 .data.__malloc_trim_threshold
                0x204009bc        0x4 c:/program files (x86)/atmel/studio/7.0/toolchain/arm/arm-gnu-toolchain/bin/../lib/gcc/arm-none-eabi/6.3.1/../../../../arm-none-eabi/lib/thumb/v7e-m\libc.a(lib_a-mallocr.o)
                0x204009bc                __malloc_trim_threshold
                0x204009c0                . = ALIGN (0x4)
                0x204009c0                _erelocate = .

.bss            0x204009c0      0x18c load address 0x00404d00
                0x204009c0                . = ALIGN (0x4)
                0x204009c0                _sbss = .
                0x204009c0                _szero = .
 *(.bss .bss.*)
 .bss           0x204009c0       0x1c c:/program files (x86)/atmel/studio/7.0/toolchain/arm/arm-gnu-toolchain/bin/../lib/gcc/arm-none-eabi/6.3.1/thumb/v7e-m/crtbegin.o
 .bss.g_is_conversion_done
                0x204009dc        0x1 src/main.o
                0x204009dc                g_is_conversion_done
 *fill*         0x204009dd        0x3 
 .bss.g_ul_value
                0x204009e0        0x4 src/main.o
                0x204009e0                g_ul_value
 .bss.gs_interrupt_sources
                0x204009e4       0x70 src/ASF/sam/drivers/pio/pio_handler.o
 .bss.ul_reg_val.9325
                0x20400a54        0x4 src/ASF/sam/drivers/usart/usart.o
 .bss.heap.6420
                0x20400a58        0x4 src/ASF/sam/utils/syscalls/gcc/syscalls.o
 .bss.__malloc_current_mallinfo
                0x20400a5c       0x28 c:/program files (x86)/atmel/studio/7.0/toolchain/arm/arm-gnu-toolchain/bin/../lib/gcc/arm-none-eabi/6.3.1/../../../../arm-none-eabi/lib/thumb/v7e-m\libc.a(lib_a-mallocr.o)
                0x20400a5c                __malloc_current_mallinfo
 .bss.__malloc_max_sbrked_mem
                0x20400a84        0x4 c:/program files (x86)/atmel/studio/7.0/toolchain/arm/arm-gnu-toolchain/bin/../lib/gcc/arm-none-eabi/6.3.1/../../../../arm-none-eabi/lib/thumb/v7e-m\libc.a(lib_a-mallocr.o)
                0x20400a84                __malloc_max_sbrked_mem
 .bss.__malloc_max_total_mem
                0x20400a88        0x4 c:/program files (x86)/atmel/studio/7.0/toolchain/arm/arm-gnu-toolchain/bin/../lib/gcc/arm-none-eabi/6.3.1/../../../../arm-none-eabi/lib/thumb/v7e-m\libc.a(lib_a-mallocr.o)
                0x20400a88                __malloc_max_total_mem
 .bss.__malloc_top_pad
                0x20400a8c        0x4 c:/program files (x86)/atmel/studio/7.0/toolchain/arm/arm-gnu-toolchain/bin/../lib/gcc/arm-none-eabi/6.3.1/../../../../arm-none-eabi/lib/thumb/v7e-m\libc.a(lib_a-mallocr.o)
                0x20400a8c                __malloc_top_pad
 *(COMMON)
 COMMON         0x20400a90        0x6 src/ASF/common/services/sleepmgr/sam/sleepmgr.o
                0x20400a90                sleepmgr_locks
 *fill*         0x20400a96        0x2 
 COMMON         0x20400a98        0x4 src/ASF/common/utils/stdio/read.o
                0x20400a98                ptr_get
 COMMON         0x20400a9c        0x8 src/ASF/common/utils/stdio/write.o
                0x20400a9c                ptr_put
                0x20400aa0                stdio_base
 COMMON         0x20400aa4       0x80 src/ASF/sam/drivers/afec/afec.o
                0x20400aa4                afec_callback_pointer
 COMMON         0x20400b24       0x21 c:/program files (x86)/atmel/studio/7.0/toolchain/arm/arm-gnu-toolchain/bin/../lib/gcc/arm-none-eabi/6.3.1/../../../../arm-none-eabi/lib/thumb/v7e-m\libc.a(lib_a-lock.o)
                0x20400b24                __lock___atexit_recursive_mutex
                0x20400b28                __lock___arc4random_mutex
                0x20400b2c                __lock___env_recursive_mutex
                0x20400b30                __lock___sinit_recursive_mutex
                0x20400b34                __lock___malloc_recursive_mutex
                0x20400b38                __lock___at_quick_exit_mutex
                0x20400b3c                __lock___dd_hash_mutex
                0x20400b40                __lock___tz_mutex
                0x20400b44                __lock___sfp_recursive_mutex
 *fill*         0x20400b45        0x3 
 COMMON         0x20400b48        0x4 c:/program files (x86)/atmel/studio/7.0/toolchain/arm/arm-gnu-toolchain/bin/../lib/gcc/arm-none-eabi/6.3.1/../../../../arm-none-eabi/lib/thumb/v7e-m\libc.a(lib_a-reent.o)
                0x20400b48                errno
                0x20400b4c                . = ALIGN (0x4)
                0x20400b4c                _ebss = .
                0x20400b4c                _ezero = .

.stack          0x20400b4c     0x2004 load address 0x00404e8c
                0x20400b50                . = ALIGN (0x8)
 *fill*         0x20400b4c        0x4 
                0x20400b50                _sstack = .
                0x20402b50                . = (. + STACK_SIZE)
 *fill*         0x20400b50     0x2000 
                0x20402b50                . = ALIGN (0x8)
                0x20402b50                _estack = .

.heap           0x20402b50      0x200 load address 0x00406e90
                0x20402b50                . = ALIGN (0x8)
                0x20402b50                _sheap = .
                0x20402d50                . = (. + HEAP_SIZE)
 *fill*         0x20402b50      0x200 
                0x20402d50                . = ALIGN (0x8)
                0x20402d50                _eheap = .
                0x20402d50                . = ALIGN (0x4)
                0x20402d50                _end = .
                0x2045ffff                _ram_end_ = ((ORIGIN (ram) + LENGTH (ram)) - 0x1)
OUTPUT(ADC.elf elf32-littlearm)

.ARM.attributes
                0x00000000       0x2e
 .ARM.attributes
                0x00000000       0x1e c:/program files (x86)/atmel/studio/7.0/toolchain/arm/arm-gnu-toolchain/bin/../lib/gcc/arm-none-eabi/6.3.1/thumb/v7e-m/crti.o
 .ARM.attributes
                0x0000001e       0x2e c:/program files (x86)/atmel/studio/7.0/toolchain/arm/arm-gnu-toolchain/bin/../lib/gcc/arm-none-eabi/6.3.1/thumb/v7e-m/crtbegin.o
 .ARM.attributes
                0x0000004c       0x37 src/main.o
 .ARM.attributes
                0x00000083       0x37 src/ASF/common/services/delay/sam/cycle_counter.o
 .ARM.attributes
                0x000000ba       0x37 src/ASF/common/services/clock/same70/sysclk.o
 .ARM.attributes
                0x000000f1       0x37 src/ASF/common/services/sleepmgr/sam/sleepmgr.o
 .ARM.attributes
                0x00000128       0x37 src/ASF/common/utils/interrupt/interrupt_sam_nvic.o
 .ARM.attributes
                0x0000015f       0x37 src/ASF/common/utils/stdio/read.o
 .ARM.attributes
                0x00000196       0x37 src/ASF/common/utils/stdio/write.o
 .ARM.attributes
                0x000001cd       0x37 src/ASF/sam/boards/same70_xplained/init.o
 .ARM.attributes
                0x00000204       0x37 src/ASF/sam/drivers/afec/afec.o
 .ARM.attributes
                0x0000023b       0x37 src/ASF/sam/drivers/pio/pio.o
 .ARM.attributes
                0x00000272       0x37 src/ASF/sam/drivers/pio/pio_handler.o
 .ARM.attributes
                0x000002a9       0x37 src/ASF/sam/drivers/pmc/pmc.o
 .ARM.attributes
                0x000002e0       0x37 src/ASF/sam/drivers/uart/uart.o
 .ARM.attributes
                0x00000317       0x37 src/ASF/sam/drivers/usart/usart.o
 .ARM.attributes
                0x0000034e       0x37 src/ASF/sam/utils/cmsis/same70/source/templates/gcc/startup_same70.o
 .ARM.attributes
                0x00000385       0x37 src/ASF/sam/utils/cmsis/same70/source/templates/system_same70.o
 .ARM.attributes
                0x000003bc       0x37 src/ASF/sam/utils/syscalls/gcc/syscalls.o
 .ARM.attributes
                0x000003f3       0x2e c:/program files (x86)/atmel/studio/7.0/toolchain/arm/arm-gnu-toolchain/bin/../lib/gcc/arm-none-eabi/6.3.1/../../../../arm-none-eabi/lib/thumb/v7e-m\libc.a(lib_a-impure.o)
 .ARM.attributes
                0x00000421       0x2e c:/program files (x86)/atmel/studio/7.0/toolchain/arm/arm-gnu-toolchain/bin/../lib/gcc/arm-none-eabi/6.3.1/../../../../arm-none-eabi/lib/thumb/v7e-m\libc.a(lib_a-init.o)
 .ARM.attributes
                0x0000044f       0x2e c:/program files (x86)/atmel/studio/7.0/toolchain/arm/arm-gnu-toolchain/bin/../lib/gcc/arm-none-eabi/6.3.1/../../../../arm-none-eabi/lib/thumb/v7e-m\libc.a(lib_a-iprintf.o)
 .ARM.attributes
                0x0000047d       0x2e c:/program files (x86)/atmel/studio/7.0/toolchain/arm/arm-gnu-toolchain/bin/../lib/gcc/arm-none-eabi/6.3.1/../../../../arm-none-eabi/lib/thumb/v7e-m\libc.a(lib_a-memset.o)
 .ARM.attributes
                0x000004ab       0x2e c:/program files (x86)/atmel/studio/7.0/toolchain/arm/arm-gnu-toolchain/bin/../lib/gcc/arm-none-eabi/6.3.1/../../../../arm-none-eabi/lib/thumb/v7e-m\libc.a(lib_a-puts.o)
 .ARM.attributes
                0x000004d9       0x2e c:/program files (x86)/atmel/studio/7.0/toolchain/arm/arm-gnu-toolchain/bin/../lib/gcc/arm-none-eabi/6.3.1/../../../../arm-none-eabi/lib/thumb/v7e-m\libc.a(lib_a-setbuf.o)
 .ARM.attributes
                0x00000507       0x2e c:/program files (x86)/atmel/studio/7.0/toolchain/arm/arm-gnu-toolchain/bin/../lib/gcc/arm-none-eabi/6.3.1/../../../../arm-none-eabi/lib/thumb/v7e-m\libc.a(lib_a-setvbuf.o)
 .ARM.attributes
                0x00000535       0x1c c:/program files (x86)/atmel/studio/7.0/toolchain/arm/arm-gnu-toolchain/bin/../lib/gcc/arm-none-eabi/6.3.1/../../../../arm-none-eabi/lib/thumb/v7e-m\libc.a(lib_a-strlen.o)
 .ARM.attributes
                0x00000551       0x2e c:/program files (x86)/atmel/studio/7.0/toolchain/arm/arm-gnu-toolchain/bin/../lib/gcc/arm-none-eabi/6.3.1/../../../../arm-none-eabi/lib/thumb/v7e-m\libc.a(lib_a-vfiprintf.o)
 .ARM.attributes
                0x0000057f       0x2e c:/program files (x86)/atmel/studio/7.0/toolchain/arm/arm-gnu-toolchain/bin/../lib/gcc/arm-none-eabi/6.3.1/../../../../arm-none-eabi/lib/thumb/v7e-m\libc.a(lib_a-wsetup.o)
 .ARM.attributes
                0x000005ad       0x2e c:/program files (x86)/atmel/studio/7.0/toolchain/arm/arm-gnu-toolchain/bin/../lib/gcc/arm-none-eabi/6.3.1/../../../../arm-none-eabi/lib/thumb/v7e-m\libc.a(lib_a-__call_atexit.o)
 .ARM.attributes
                0x000005db       0x2e c:/program files (x86)/atmel/studio/7.0/toolchain/arm/arm-gnu-toolchain/bin/../lib/gcc/arm-none-eabi/6.3.1/../../../../arm-none-eabi/lib/thumb/v7e-m\libc.a(lib_a-atexit.o)
 .ARM.attributes
                0x00000609       0x2e c:/program files (x86)/atmel/studio/7.0/toolchain/arm/arm-gnu-toolchain/bin/../lib/gcc/arm-none-eabi/6.3.1/../../../../arm-none-eabi/lib/thumb/v7e-m\libc.a(lib_a-fflush.o)
 .ARM.attributes
                0x00000637       0x2e c:/program files (x86)/atmel/studio/7.0/toolchain/arm/arm-gnu-toolchain/bin/../lib/gcc/arm-none-eabi/6.3.1/../../../../arm-none-eabi/lib/thumb/v7e-m\libc.a(lib_a-findfp.o)
 .ARM.attributes
                0x00000665       0x2e c:/program files (x86)/atmel/studio/7.0/toolchain/arm/arm-gnu-toolchain/bin/../lib/gcc/arm-none-eabi/6.3.1/../../../../arm-none-eabi/lib/thumb/v7e-m\libc.a(lib_a-fini.o)
 .ARM.attributes
                0x00000693       0x2e c:/program files (x86)/atmel/studio/7.0/toolchain/arm/arm-gnu-toolchain/bin/../lib/gcc/arm-none-eabi/6.3.1/../../../../arm-none-eabi/lib/thumb/v7e-m\libc.a(lib_a-fputwc.o)
 .ARM.attributes
                0x000006c1       0x2e c:/program files (x86)/atmel/studio/7.0/toolchain/arm/arm-gnu-toolchain/bin/../lib/gcc/arm-none-eabi/6.3.1/../../../../arm-none-eabi/lib/thumb/v7e-m\libc.a(lib_a-freer.o)
 .ARM.attributes
                0x000006ef       0x2e c:/program files (x86)/atmel/studio/7.0/toolchain/arm/arm-gnu-toolchain/bin/../lib/gcc/arm-none-eabi/6.3.1/../../../../arm-none-eabi/lib/thumb/v7e-m\libc.a(lib_a-fvwrite.o)
 .ARM.attributes
                0x0000071d       0x2e c:/program files (x86)/atmel/studio/7.0/toolchain/arm/arm-gnu-toolchain/bin/../lib/gcc/arm-none-eabi/6.3.1/../../../../arm-none-eabi/lib/thumb/v7e-m\libc.a(lib_a-fwalk.o)
 .ARM.attributes
                0x0000074b       0x2e c:/program files (x86)/atmel/studio/7.0/toolchain/arm/arm-gnu-toolchain/bin/../lib/gcc/arm-none-eabi/6.3.1/../../../../arm-none-eabi/lib/thumb/v7e-m\libc.a(lib_a-locale.o)
 .ARM.attributes
                0x00000779       0x2e c:/program files (x86)/atmel/studio/7.0/toolchain/arm/arm-gnu-toolchain/bin/../lib/gcc/arm-none-eabi/6.3.1/../../../../arm-none-eabi/lib/thumb/v7e-m\libc.a(lib_a-lock.o)
 .ARM.attributes
                0x000007a7       0x2e c:/program files (x86)/atmel/studio/7.0/toolchain/arm/arm-gnu-toolchain/bin/../lib/gcc/arm-none-eabi/6.3.1/../../../../arm-none-eabi/lib/thumb/v7e-m\libc.a(lib_a-makebuf.o)
 .ARM.attributes
                0x000007d5       0x2e c:/program files (x86)/atmel/studio/7.0/toolchain/arm/arm-gnu-toolchain/bin/../lib/gcc/arm-none-eabi/6.3.1/../../../../arm-none-eabi/lib/thumb/v7e-m\libc.a(lib_a-malloc.o)
 .ARM.attributes
                0x00000803       0x2e c:/program files (x86)/atmel/studio/7.0/toolchain/arm/arm-gnu-toolchain/bin/../lib/gcc/arm-none-eabi/6.3.1/../../../../arm-none-eabi/lib/thumb/v7e-m\libc.a(lib_a-mallocr.o)
 .ARM.attributes
                0x00000831       0x2e c:/program files (x86)/atmel/studio/7.0/toolchain/arm/arm-gnu-toolchain/bin/../lib/gcc/arm-none-eabi/6.3.1/../../../../arm-none-eabi/lib/thumb/v7e-m\libc.a(lib_a-mbtowc_r.o)
 .ARM.attributes
                0x0000085f       0x1c c:/program files (x86)/atmel/studio/7.0/toolchain/arm/arm-gnu-toolchain/bin/../lib/gcc/arm-none-eabi/6.3.1/../../../../arm-none-eabi/lib/thumb/v7e-m\libc.a(lib_a-memchr.o)
 .ARM.attributes
                0x0000087b       0x1c c:/program files (x86)/atmel/studio/7.0/toolchain/arm/arm-gnu-toolchain/bin/../lib/gcc/arm-none-eabi/6.3.1/../../../../arm-none-eabi/lib/thumb/v7e-m\libc.a(lib_a-memcpy.o)
 .ARM.attributes
                0x00000897       0x2e c:/program files (x86)/atmel/studio/7.0/toolchain/arm/arm-gnu-toolchain/bin/../lib/gcc/arm-none-eabi/6.3.1/../../../../arm-none-eabi/lib/thumb/v7e-m\libc.a(lib_a-memmove.o)
 .ARM.attributes
                0x000008c5       0x2e c:/program files (x86)/atmel/studio/7.0/toolchain/arm/arm-gnu-toolchain/bin/../lib/gcc/arm-none-eabi/6.3.1/../../../../arm-none-eabi/lib/thumb/v7e-m\libc.a(lib_a-mlock.o)
 .ARM.attributes
                0x000008f3       0x2e c:/program files (x86)/atmel/studio/7.0/toolchain/arm/arm-gnu-toolchain/bin/../lib/gcc/arm-none-eabi/6.3.1/../../../../arm-none-eabi/lib/thumb/v7e-m\libc.a(lib_a-reallocr.o)
 .ARM.attributes
                0x00000921       0x2e c:/program files (x86)/atmel/studio/7.0/toolchain/arm/arm-gnu-toolchain/bin/../lib/gcc/arm-none-eabi/6.3.1/../../../../arm-none-eabi/lib/thumb/v7e-m\libc.a(lib_a-sbrkr.o)
 .ARM.attributes
                0x0000094f       0x2e c:/program files (x86)/atmel/studio/7.0/toolchain/arm/arm-gnu-toolchain/bin/../lib/gcc/arm-none-eabi/6.3.1/../../../../arm-none-eabi/lib/thumb/v7e-m\libc.a(lib_a-stdio.o)
 .ARM.attributes
                0x0000097d       0x2e c:/program files (x86)/atmel/studio/7.0/toolchain/arm/arm-gnu-toolchain/bin/../lib/gcc/arm-none-eabi/6.3.1/../../../../arm-none-eabi/lib/thumb/v7e-m\libc.a(lib_a-wbuf.o)
 .ARM.attributes
                0x000009ab       0x2e c:/program files (x86)/atmel/studio/7.0/toolchain/arm/arm-gnu-toolchain/bin/../lib/gcc/arm-none-eabi/6.3.1/../../../../arm-none-eabi/lib/thumb/v7e-m\libc.a(lib_a-wcrtomb.o)
 .ARM.attributes
                0x000009d9       0x2e c:/program files (x86)/atmel/studio/7.0/toolchain/arm/arm-gnu-toolchain/bin/../lib/gcc/arm-none-eabi/6.3.1/../../../../arm-none-eabi/lib/thumb/v7e-m\libc.a(lib_a-wctomb_r.o)
 .ARM.attributes
                0x00000a07       0x2e c:/program files (x86)/atmel/studio/7.0/toolchain/arm/arm-gnu-toolchain/bin/../lib/gcc/arm-none-eabi/6.3.1/../../../../arm-none-eabi/lib/thumb/v7e-m\libc.a(lib_a-writer.o)
 .ARM.attributes
                0x00000a35       0x2e c:/program files (x86)/atmel/studio/7.0/toolchain/arm/arm-gnu-toolchain/bin/../lib/gcc/arm-none-eabi/6.3.1/../../../../arm-none-eabi/lib/thumb/v7e-m\libc.a(lib_a-__atexit.o)
 .ARM.attributes
                0x00000a63       0x2e c:/program files (x86)/atmel/studio/7.0/toolchain/arm/arm-gnu-toolchain/bin/../lib/gcc/arm-none-eabi/6.3.1/../../../../arm-none-eabi/lib/thumb/v7e-m\libc.a(lib_a-closer.o)
 .ARM.attributes
                0x00000a91       0x2e c:/program files (x86)/atmel/studio/7.0/toolchain/arm/arm-gnu-toolchain/bin/../lib/gcc/arm-none-eabi/6.3.1/../../../../arm-none-eabi/lib/thumb/v7e-m\libc.a(lib_a-ctype_.o)
 .ARM.attributes
                0x00000abf       0x2e c:/program files (x86)/atmel/studio/7.0/toolchain/arm/arm-gnu-toolchain/bin/../lib/gcc/arm-none-eabi/6.3.1/../../../../arm-none-eabi/lib/thumb/v7e-m\libc.a(lib_a-fclose.o)
 .ARM.attributes
                0x00000aed       0x2e c:/program files (x86)/atmel/studio/7.0/toolchain/arm/arm-gnu-toolchain/bin/../lib/gcc/arm-none-eabi/6.3.1/../../../../arm-none-eabi/lib/thumb/v7e-m\libc.a(lib_a-fstatr.o)
 .ARM.attributes
                0x00000b1b       0x2e c:/program files (x86)/atmel/studio/7.0/toolchain/arm/arm-gnu-toolchain/bin/../lib/gcc/arm-none-eabi/6.3.1/../../../../arm-none-eabi/lib/thumb/v7e-m\libc.a(lib_a-isattyr.o)
 .ARM.attributes
                0x00000b49       0x2e c:/program files (x86)/atmel/studio/7.0/toolchain/arm/arm-gnu-toolchain/bin/../lib/gcc/arm-none-eabi/6.3.1/../../../../arm-none-eabi/lib/thumb/v7e-m\libc.a(lib_a-lseekr.o)
 .ARM.attributes
                0x00000b77       0x2e c:/program files (x86)/atmel/studio/7.0/toolchain/arm/arm-gnu-toolchain/bin/../lib/gcc/arm-none-eabi/6.3.1/../../../../arm-none-eabi/lib/thumb/v7e-m\libc.a(lib_a-readr.o)
 .ARM.attributes
                0x00000ba5       0x2e c:/program files (x86)/atmel/studio/7.0/toolchain/arm/arm-gnu-toolchain/bin/../lib/gcc/arm-none-eabi/6.3.1/../../../../arm-none-eabi/lib/thumb/v7e-m\libc.a(lib_a-reent.o)
 .ARM.attributes
                0x00000bd3       0x1e c:/program files (x86)/atmel/studio/7.0/toolchain/arm/arm-gnu-toolchain/bin/../lib/gcc/arm-none-eabi/6.3.1/thumb/v7e-m\libgcc.a(_aeabi_uldivmod.o)
 .ARM.attributes
                0x00000bf1       0x2e c:/program files (x86)/atmel/studio/7.0/toolchain/arm/arm-gnu-toolchain/bin/../lib/gcc/arm-none-eabi/6.3.1/thumb/v7e-m\libgcc.a(_udivmoddi4.o)
 .ARM.attributes
                0x00000c1f       0x1e c:/program files (x86)/atmel/studio/7.0/toolchain/arm/arm-gnu-toolchain/bin/../lib/gcc/arm-none-eabi/6.3.1/thumb/v7e-m\libgcc.a(_dvmd_tls.o)
 .ARM.attributes
                0x00000c3d       0x1e c:/program files (x86)/atmel/studio/7.0/toolchain/arm/arm-gnu-toolchain/bin/../lib/gcc/arm-none-eabi/6.3.1/thumb/v7e-m/crtn.o

.comment        0x00000000       0x59
 .comment       0x00000000       0x59 src/main.o
                                 0x5a (size before relaxing)
 .comment       0x00000059       0x5a src/ASF/common/services/delay/sam/cycle_counter.o
 .comment       0x00000059       0x5a src/ASF/common/services/clock/same70/sysclk.o
 .comment       0x00000059       0x5a src/ASF/common/services/sleepmgr/sam/sleepmgr.o
 .comment       0x00000059       0x5a src/ASF/common/utils/interrupt/interrupt_sam_nvic.o
 .comment       0x00000059       0x5a src/ASF/common/utils/stdio/read.o
 .comment       0x00000059       0x5a src/ASF/common/utils/stdio/write.o
 .comment       0x00000059       0x5a src/ASF/sam/boards/same70_xplained/init.o
 .comment       0x00000059       0x5a src/ASF/sam/drivers/afec/afec.o
 .comment       0x00000059       0x5a src/ASF/sam/drivers/pio/pio.o
 .comment       0x00000059       0x5a src/ASF/sam/drivers/pio/pio_handler.o
 .comment       0x00000059       0x5a src/ASF/sam/drivers/pmc/pmc.o
 .comment       0x00000059       0x5a src/ASF/sam/drivers/uart/uart.o
 .comment       0x00000059       0x5a src/ASF/sam/drivers/usart/usart.o
 .comment       0x00000059       0x5a src/ASF/sam/utils/cmsis/same70/source/templates/gcc/startup_same70.o
 .comment       0x00000059       0x5a src/ASF/sam/utils/cmsis/same70/source/templates/system_same70.o
 .comment       0x00000059       0x5a src/ASF/sam/utils/syscalls/gcc/syscalls.o

.debug_info     0x00000000    0x1620c
 .debug_info    0x00000000     0x1f75 src/main.o
 .debug_info    0x00001f75      0xa45 src/ASF/common/services/delay/sam/cycle_counter.o
 .debug_info    0x000029ba     0x1267 src/ASF/common/services/clock/same70/sysclk.o
 .debug_info    0x00003c21      0xa8e src/ASF/common/services/sleepmgr/sam/sleepmgr.o
 .debug_info    0x000046af      0xb01 src/ASF/common/utils/interrupt/interrupt_sam_nvic.o
 .debug_info    0x000051b0      0xac9 src/ASF/common/utils/stdio/read.o
 .debug_info    0x00005c79      0xac6 src/ASF/common/utils/stdio/write.o
 .debug_info    0x0000673f     0x201f src/ASF/sam/boards/same70_xplained/init.o
 .debug_info    0x0000875e     0x245a src/ASF/sam/drivers/afec/afec.o
 .debug_info    0x0000abb8     0x2150 src/ASF/sam/drivers/pio/pio.o
 .debug_info    0x0000cd08     0x1b22 src/ASF/sam/drivers/pio/pio_handler.o
 .debug_info    0x0000e82a     0x1e0e src/ASF/sam/drivers/pmc/pmc.o
 .debug_info    0x00010638     0x103b src/ASF/sam/drivers/uart/uart.o
 .debug_info    0x00011673     0x2324 src/ASF/sam/drivers/usart/usart.o
 .debug_info    0x00013997     0x156a src/ASF/sam/utils/cmsis/same70/source/templates/gcc/startup_same70.o
 .debug_info    0x00014f01      0x55b src/ASF/sam/utils/cmsis/same70/source/templates/system_same70.o
 .debug_info    0x0001545c      0xdb0 src/ASF/sam/utils/syscalls/gcc/syscalls.o

.debug_abbrev   0x00000000     0x2fe3
 .debug_abbrev  0x00000000      0x40a src/main.o
 .debug_abbrev  0x0000040a      0x1b3 src/ASF/common/services/delay/sam/cycle_counter.o
 .debug_abbrev  0x000005bd      0x31f src/ASF/common/services/clock/same70/sysclk.o
 .debug_abbrev  0x000008dc      0x1b2 src/ASF/common/services/sleepmgr/sam/sleepmgr.o
 .debug_abbrev  0x00000a8e      0x212 src/ASF/common/utils/interrupt/interrupt_sam_nvic.o
 .debug_abbrev  0x00000ca0      0x1fe src/ASF/common/utils/stdio/read.o
 .debug_abbrev  0x00000e9e      0x1e9 src/ASF/common/utils/stdio/write.o
 .debug_abbrev  0x00001087      0x368 src/ASF/sam/boards/same70_xplained/init.o
 .debug_abbrev  0x000013ef      0x4d7 src/ASF/sam/drivers/afec/afec.o
 .debug_abbrev  0x000018c6      0x410 src/ASF/sam/drivers/pio/pio.o
 .debug_abbrev  0x00001cd6      0x32f src/ASF/sam/drivers/pio/pio_handler.o
 .debug_abbrev  0x00002005      0x369 src/ASF/sam/drivers/pmc/pmc.o
 .debug_abbrev  0x0000236e      0x26e src/ASF/sam/drivers/uart/uart.o
 .debug_abbrev  0x000025dc      0x3bd src/ASF/sam/drivers/usart/usart.o
 .debug_abbrev  0x00002999      0x2e4 src/ASF/sam/utils/cmsis/same70/source/templates/gcc/startup_same70.o
 .debug_abbrev  0x00002c7d      0x102 src/ASF/sam/utils/cmsis/same70/source/templates/system_same70.o
 .debug_abbrev  0x00002d7f      0x264 src/ASF/sam/utils/syscalls/gcc/syscalls.o

.debug_loc      0x00000000     0x49aa
 .debug_loc     0x00000000      0x502 src/main.o
 .debug_loc     0x00000502      0x183 src/ASF/common/services/clock/same70/sysclk.o
 .debug_loc     0x00000685       0xb3 src/ASF/common/utils/stdio/read.o
 .debug_loc     0x00000738      0x12b src/ASF/common/utils/stdio/write.o
 .debug_loc     0x00000863      0x261 src/ASF/sam/boards/same70_xplained/init.o
 .debug_loc     0x00000ac4      0xa8b src/ASF/sam/drivers/afec/afec.o
 .debug_loc     0x0000154f      0xea4 src/ASF/sam/drivers/pio/pio.o
 .debug_loc     0x000023f3      0x588 src/ASF/sam/drivers/pio/pio_handler.o
 .debug_loc     0x0000297b      0xce3 src/ASF/sam/drivers/pmc/pmc.o
 .debug_loc     0x0000365e      0x2a3 src/ASF/sam/drivers/uart/uart.o
 .debug_loc     0x00003901      0xf35 src/ASF/sam/drivers/usart/usart.o
 .debug_loc     0x00004836       0x77 src/ASF/sam/utils/cmsis/same70/source/templates/gcc/startup_same70.o
 .debug_loc     0x000048ad       0xfd src/ASF/sam/utils/syscalls/gcc/syscalls.o

.debug_aranges  0x00000000      0xa80
 .debug_aranges
                0x00000000       0x38 src/main.o
 .debug_aranges
                0x00000038       0x20 src/ASF/common/services/delay/sam/cycle_counter.o
 .debug_aranges
                0x00000058       0x40 src/ASF/common/services/clock/same70/sysclk.o
 .debug_aranges
                0x00000098       0x18 src/ASF/common/services/sleepmgr/sam/sleepmgr.o
 .debug_aranges
                0x000000b0       0x28 src/ASF/common/utils/interrupt/interrupt_sam_nvic.o
 .debug_aranges
                0x000000d8       0x20 src/ASF/common/utils/stdio/read.o
 .debug_aranges
                0x000000f8       0x20 src/ASF/common/utils/stdio/write.o
 .debug_aranges
                0x00000118       0x20 src/ASF/sam/boards/same70_xplained/init.o
 .debug_aranges
                0x00000138       0xb8 src/ASF/sam/drivers/afec/afec.o
 .debug_aranges
                0x000001f0      0x1a8 src/ASF/sam/drivers/pio/pio.o
 .debug_aranges
                0x00000398       0x60 src/ASF/sam/drivers/pio/pio_handler.o
 .debug_aranges
                0x000003f8      0x250 src/ASF/sam/drivers/pmc/pmc.o
 .debug_aranges
                0x00000648       0xd8 src/ASF/sam/drivers/uart/uart.o
 .debug_aranges
                0x00000720      0x2a8 src/ASF/sam/drivers/usart/usart.o
 .debug_aranges
                0x000009c8       0x28 src/ASF/sam/utils/cmsis/same70/source/templates/gcc/startup_same70.o
 .debug_aranges
                0x000009f0       0x30 src/ASF/sam/utils/cmsis/same70/source/templates/system_same70.o
 .debug_aranges
                0x00000a20       0x60 src/ASF/sam/utils/syscalls/gcc/syscalls.o

.debug_ranges   0x00000000      0xab8
 .debug_ranges  0x00000000       0x40 src/main.o
 .debug_ranges  0x00000040       0x10 src/ASF/common/services/delay/sam/cycle_counter.o
 .debug_ranges  0x00000050       0x30 src/ASF/common/services/clock/same70/sysclk.o
 .debug_ranges  0x00000080       0x18 src/ASF/common/utils/interrupt/interrupt_sam_nvic.o
 .debug_ranges  0x00000098       0x10 src/ASF/common/utils/stdio/read.o
 .debug_ranges  0x000000a8       0x10 src/ASF/common/utils/stdio/write.o
 .debug_ranges  0x000000b8       0x10 src/ASF/sam/boards/same70_xplained/init.o
 .debug_ranges  0x000000c8       0xc0 src/ASF/sam/drivers/afec/afec.o
 .debug_ranges  0x00000188      0x2a0 src/ASF/sam/drivers/pio/pio.o
 .debug_ranges  0x00000428       0x68 src/ASF/sam/drivers/pio/pio_handler.o
 .debug_ranges  0x00000490      0x240 src/ASF/sam/drivers/pmc/pmc.o
 .debug_ranges  0x000006d0       0xc8 src/ASF/sam/drivers/uart/uart.o
 .debug_ranges  0x00000798      0x298 src/ASF/sam/drivers/usart/usart.o
 .debug_ranges  0x00000a30       0x18 src/ASF/sam/utils/cmsis/same70/source/templates/gcc/startup_same70.o
 .debug_ranges  0x00000a48       0x20 src/ASF/sam/utils/cmsis/same70/source/templates/system_same70.o
 .debug_ranges  0x00000a68       0x50 src/ASF/sam/utils/syscalls/gcc/syscalls.o

.debug_macro    0x00000000    0x1fb61
 .debug_macro   0x00000000      0x837 src/main.o
 .debug_macro   0x00000837      0x8ce src/main.o
 .debug_macro   0x00001105       0x22 src/main.o
 .debug_macro   0x00001127       0x52 src/main.o
 .debug_macro   0x00001179       0x8d src/main.o
 .debug_macro   0x00001206       0x35 src/main.o
 .debug_macro   0x0000123b       0x9c src/main.o
 .debug_macro   0x000012d7       0x16 src/main.o
 .debug_macro   0x000012ed       0x57 src/main.o
 .debug_macro   0x00001344       0x97 src/main.o
 .debug_macro   0x000013db      0x353 src/main.o
 .debug_macro   0x0000172e       0xf6 src/main.o
 .debug_macro   0x00001824       0x10 src/main.o
 .debug_macro   0x00001834       0x58 src/main.o
 .debug_macro   0x0000188c       0x1f src/main.o
 .debug_macro   0x000018ab       0x43 src/main.o
 .debug_macro   0x000018ee       0x20 src/main.o
 .debug_macro   0x0000190e      0x187 src/main.o
 .debug_macro   0x00001a95       0x10 src/main.o
 .debug_macro   0x00001aa5       0x6a src/main.o
 .debug_macro   0x00001b0f       0x1c src/main.o
 .debug_macro   0x00001b2b       0x52 src/main.o
 .debug_macro   0x00001b7d       0x40 src/main.o
 .debug_macro   0x00001bbd       0x10 src/main.o
 .debug_macro   0x00001bcd       0x40 src/main.o
 .debug_macro   0x00001c0d       0xd7 src/main.o
 .debug_macro   0x00001ce4       0x16 src/main.o
 .debug_macro   0x00001cfa      0x18b src/main.o
 .debug_macro   0x00001e85       0x16 src/main.o
 .debug_macro   0x00001e9b       0x35 src/main.o
 .debug_macro   0x00001ed0       0x16 src/main.o
 .debug_macro   0x00001ee6      0x64b src/main.o
 .debug_macro   0x00002531       0x76 src/main.o
 .debug_macro   0x000025a7       0x16 src/main.o
 .debug_macro   0x000025bd      0x6e4 src/main.o
 .debug_macro   0x00002ca1       0xef src/main.o
 .debug_macro   0x00002d90      0x1df src/main.o
 .debug_macro   0x00002f6f       0x4a src/main.o
 .debug_macro   0x00002fb9       0x3b src/main.o
 .debug_macro   0x00002ff4       0x2d src/main.o
 .debug_macro   0x00003021       0x26 src/main.o
 .debug_macro   0x00003047      0xf9a src/main.o
 .debug_macro   0x00003fe1      0x175 src/main.o
 .debug_macro   0x00004156      0x257 src/main.o
 .debug_macro   0x000043ad      0xa0f src/main.o
 .debug_macro   0x00004dbc      0x1b9 src/main.o
 .debug_macro   0x00004f75      0x336 src/main.o
 .debug_macro   0x000052ab      0x15b src/main.o
 .debug_macro   0x00005406     0x1851 src/main.o
 .debug_macro   0x00006c57       0x1c src/main.o
 .debug_macro   0x00006c73      0x68d src/main.o
 .debug_macro   0x00007300      0x31e src/main.o
 .debug_macro   0x0000761e      0x4d4 src/main.o
 .debug_macro   0x00007af2      0x56e src/main.o
 .debug_macro   0x00008060     0x1332 src/main.o
 .debug_macro   0x00009392     0x278d src/main.o
 .debug_macro   0x0000bb1f     0x102b src/main.o
 .debug_macro   0x0000cb4a      0xe01 src/main.o
 .debug_macro   0x0000d94b      0x3b1 src/main.o
 .debug_macro   0x0000dcfc       0xa0 src/main.o
 .debug_macro   0x0000dd9c       0x76 src/main.o
 .debug_macro   0x0000de12      0x409 src/main.o
 .debug_macro   0x0000e21b       0x64 src/main.o
 .debug_macro   0x0000e27f      0x284 src/main.o
 .debug_macro   0x0000e503      0x1d0 src/main.o
 .debug_macro   0x0000e6d3      0x248 src/main.o
 .debug_macro   0x0000e91b      0x524 src/main.o
 .debug_macro   0x0000ee3f      0x63b src/main.o
 .debug_macro   0x0000f47a      0x6b8 src/main.o
 .debug_macro   0x0000fb32       0x4c src/main.o
 .debug_macro   0x0000fb7e      0x468 src/main.o
 .debug_macro   0x0000ffe6      0x207 src/main.o
 .debug_macro   0x000101ed      0x866 src/main.o
 .debug_macro   0x00010a53     0x1547 src/main.o
 .debug_macro   0x00011f9a       0x40 src/main.o
 .debug_macro   0x00011fda       0x76 src/main.o
 .debug_macro   0x00012050      0xdaf src/main.o
 .debug_macro   0x00012dff       0x82 src/main.o
 .debug_macro   0x00012e81       0x76 src/main.o
 .debug_macro   0x00012ef7       0x4c src/main.o
 .debug_macro   0x00012f43      0x135 src/main.o
 .debug_macro   0x00013078      0x135 src/main.o
 .debug_macro   0x000131ad      0x135 src/main.o
 .debug_macro   0x000132e2       0x6a src/main.o
 .debug_macro   0x0001334c       0x6a src/main.o
 .debug_macro   0x000133b6      0x313 src/main.o
 .debug_macro   0x000136c9       0xb2 src/main.o
 .debug_macro   0x0001377b       0xb2 src/main.o
 .debug_macro   0x0001382d       0xb2 src/main.o
 .debug_macro   0x000138df      0x11d src/main.o
 .debug_macro   0x000139fc      0x11d src/main.o
 .debug_macro   0x00013b19      0x2cd src/main.o
 .debug_macro   0x00013de6       0xb8 src/main.o
 .debug_macro   0x00013e9e       0x5e src/main.o
 .debug_macro   0x00013efc       0x40 src/main.o
 .debug_macro   0x00013f3c       0x4c src/main.o
 .debug_macro   0x00013f88       0xa0 src/main.o
 .debug_macro   0x00014028      0x494 src/main.o
 .debug_macro   0x000144bc      0x135 src/main.o
 .debug_macro   0x000145f1       0x4c src/main.o
 .debug_macro   0x0001463d      0x313 src/main.o
 .debug_macro   0x00014950       0x6a src/main.o
 .debug_macro   0x000149ba       0xb8 src/main.o
 .debug_macro   0x00014a72       0x6a src/main.o
 .debug_macro   0x00014adc       0x2e src/main.o
 .debug_macro   0x00014b0a      0x9b1 src/main.o
 .debug_macro   0x000154bb       0x6a src/main.o
 .debug_macro   0x00015525       0x88 src/main.o
 .debug_macro   0x000155ad       0x58 src/main.o
 .debug_macro   0x00015605       0xe2 src/main.o
 .debug_macro   0x000156e7       0x16 src/main.o
 .debug_macro   0x000156fd       0xe2 src/main.o
 .debug_macro   0x000157df       0x4c src/main.o
 .debug_macro   0x0001582b       0x16 src/main.o
 .debug_macro   0x00015841       0x4c src/main.o
 .debug_macro   0x0001588d       0x2e src/main.o
 .debug_macro   0x000158bb      0x1b5 src/main.o
 .debug_macro   0x00015a70      0x1b5 src/main.o
 .debug_macro   0x00015c25      0x1b5 src/main.o
 .debug_macro   0x00015dda      0x1b5 src/main.o
 .debug_macro   0x00015f8f      0x1b5 src/main.o
 .debug_macro   0x00016144       0x1c src/main.o
 .debug_macro   0x00016160       0x2e src/main.o
 .debug_macro   0x0001618e       0x22 src/main.o
 .debug_macro   0x000161b0       0x1c src/main.o
 .debug_macro   0x000161cc       0x52 src/main.o
 .debug_macro   0x0001621e       0x10 src/main.o
 .debug_macro   0x0001622e       0x1c src/main.o
 .debug_macro   0x0001624a       0x4c src/main.o
 .debug_macro   0x00016296       0x4c src/main.o
 .debug_macro   0x000162e2       0x4c src/main.o
 .debug_macro   0x0001632e      0x31b src/main.o
 .debug_macro   0x00016649     0x1022 src/main.o
 .debug_macro   0x0001766b      0x107 src/main.o
 .debug_macro   0x00017772       0x22 src/main.o
 .debug_macro   0x00017794       0x16 src/main.o
 .debug_macro   0x000177aa       0x16 src/main.o
 .debug_macro   0x000177c0       0x29 src/main.o
 .debug_macro   0x000177e9       0x75 src/main.o
 .debug_macro   0x0001785e       0x3f src/main.o
 .debug_macro   0x0001789d      0x3ca src/main.o
 .debug_macro   0x00017c67       0x12 src/main.o
 .debug_macro   0x00017c79       0x3a src/main.o
 .debug_macro   0x00017cb3      0x2c6 src/main.o
 .debug_macro   0x00017f79      0xa96 src/main.o
 .debug_macro   0x00018a0f       0x70 src/main.o
 .debug_macro   0x00018a7f       0x64 src/main.o
 .debug_macro   0x00018ae3       0x5f src/main.o
 .debug_macro   0x00018b42       0xac src/main.o
 .debug_macro   0x00018bee       0x28 src/main.o
 .debug_macro   0x00018c16       0x23 src/main.o
 .debug_macro   0x00018c39       0x94 src/main.o
 .debug_macro   0x00018ccd       0x40 src/main.o
 .debug_macro   0x00018d0d       0x88 src/main.o
 .debug_macro   0x00018d95      0x1ce src/main.o
 .debug_macro   0x00018f63       0x34 src/main.o
 .debug_macro   0x00018f97       0x16 src/main.o
 .debug_macro   0x00018fad       0x1c src/main.o
 .debug_macro   0x00018fc9       0x10 src/main.o
 .debug_macro   0x00018fd9       0x1c src/main.o
 .debug_macro   0x00018ff5       0x3a src/main.o
 .debug_macro   0x0001902f       0x28 src/main.o
 .debug_macro   0x00019057      0x665 src/ASF/common/services/delay/sam/cycle_counter.o
 .debug_macro   0x000196bc      0x16d src/ASF/common/services/delay/sam/cycle_counter.o
 .debug_macro   0x00019829       0x87 src/ASF/common/services/delay/sam/cycle_counter.o
 .debug_macro   0x000198b0       0x51 src/ASF/common/services/delay/sam/cycle_counter.o
 .debug_macro   0x00019901       0x58 src/ASF/common/services/delay/sam/cycle_counter.o
 .debug_macro   0x00019959       0x22 src/ASF/common/services/delay/sam/cycle_counter.o
 .debug_macro   0x0001997b      0x6d1 src/ASF/common/services/clock/same70/sysclk.o
 .debug_macro   0x0001a04c      0x2c0 src/ASF/common/services/clock/same70/sysclk.o
 .debug_macro   0x0001a30c      0x67f src/ASF/common/services/sleepmgr/sam/sleepmgr.o
 .debug_macro   0x0001a98b      0x655 src/ASF/common/utils/interrupt/interrupt_sam_nvic.o
 .debug_macro   0x0001afe0      0x655 src/ASF/common/utils/stdio/read.o
 .debug_macro   0x0001b635      0x655 src/ASF/common/utils/stdio/write.o
 .debug_macro   0x0001bc8a      0x70b src/ASF/sam/boards/same70_xplained/init.o
 .debug_macro   0x0001c395       0x16 src/ASF/sam/boards/same70_xplained/init.o
 .debug_macro   0x0001c3ab       0x82 src/ASF/sam/boards/same70_xplained/init.o
 .debug_macro   0x0001c42d      0x72e src/ASF/sam/drivers/afec/afec.o
 .debug_macro   0x0001cb5b      0x66b src/ASF/sam/drivers/pio/pio.o
 .debug_macro   0x0001d1c6       0x8e src/ASF/sam/drivers/pio/pio.o
 .debug_macro   0x0001d254      0x676 src/ASF/sam/drivers/pio/pio_handler.o
 .debug_macro   0x0001d8ca      0x66b src/ASF/sam/drivers/pmc/pmc.o
 .debug_macro   0x0001df35       0x6a src/ASF/sam/drivers/pmc/pmc.o
 .debug_macro   0x0001df9f      0x665 src/ASF/sam/drivers/uart/uart.o
 .debug_macro   0x0001e604       0x16 src/ASF/sam/drivers/uart/uart.o
 .debug_macro   0x0001e61a      0x69b src/ASF/sam/drivers/usart/usart.o
 .debug_macro   0x0001ecb5       0x34 src/ASF/sam/drivers/usart/usart.o
 .debug_macro   0x0001ece9      0x664 src/ASF/sam/utils/cmsis/same70/source/templates/gcc/startup_same70.o
 .debug_macro   0x0001f34d       0x10 src/ASF/sam/utils/cmsis/same70/source/templates/gcc/startup_same70.o
 .debug_macro   0x0001f35d      0x455 src/ASF/sam/utils/cmsis/same70/source/templates/system_same70.o
 .debug_macro   0x0001f7b2      0x1d6 src/ASF/sam/utils/syscalls/gcc/syscalls.o
 .debug_macro   0x0001f988       0x4c src/ASF/sam/utils/syscalls/gcc/syscalls.o
 .debug_macro   0x0001f9d4       0x16 src/ASF/sam/utils/syscalls/gcc/syscalls.o
 .debug_macro   0x0001f9ea       0x10 src/ASF/sam/utils/syscalls/gcc/syscalls.o
 .debug_macro   0x0001f9fa       0x10 src/ASF/sam/utils/syscalls/gcc/syscalls.o
 .debug_macro   0x0001fa0a       0x35 src/ASF/sam/utils/syscalls/gcc/syscalls.o
 .debug_macro   0x0001fa3f      0x122 src/ASF/sam/utils/syscalls/gcc/syscalls.o

.debug_line     0x00000000     0xc4ea
 .debug_line    0x00000000     0x1031 src/main.o
 .debug_line    0x00001031      0x9ed src/ASF/common/services/delay/sam/cycle_counter.o
 .debug_line    0x00001a1e      0xb4f src/ASF/common/services/clock/same70/sysclk.o
 .debug_line    0x0000256d      0xa4f src/ASF/common/services/sleepmgr/sam/sleepmgr.o
 .debug_line    0x00002fbc      0xa01 src/ASF/common/utils/interrupt/interrupt_sam_nvic.o
 .debug_line    0x000039bd      0x9e7 src/ASF/common/utils/stdio/read.o
 .debug_line    0x000043a4      0x9df src/ASF/common/utils/stdio/write.o
 .debug_line    0x00004d83      0xc30 src/ASF/sam/boards/same70_xplained/init.o
 .debug_line    0x000059b3      0xed4 src/ASF/sam/drivers/afec/afec.o
 .debug_line    0x00006887      0xee3 src/ASF/sam/drivers/pio/pio.o
 .debug_line    0x0000776a      0xabf src/ASF/sam/drivers/pio/pio_handler.o
 .debug_line    0x00008229     0x106b src/ASF/sam/drivers/pmc/pmc.o
 .debug_line    0x00009294      0xb79 src/ASF/sam/drivers/uart/uart.o
 .debug_line    0x00009e0d     0x1076 src/ASF/sam/drivers/usart/usart.o
 .debug_line    0x0000ae83      0xa73 src/ASF/sam/utils/cmsis/same70/source/templates/gcc/startup_same70.o
 .debug_line    0x0000b8f6      0x7e9 src/ASF/sam/utils/cmsis/same70/source/templates/system_same70.o
 .debug_line    0x0000c0df      0x40b src/ASF/sam/utils/syscalls/gcc/syscalls.o

.debug_str      0x00000000    0x8c33b
 .debug_str     0x00000000    0x88460 src/main.o
                              0x88be9 (size before relaxing)
 .debug_str     0x00088460       0x35 src/ASF/common/services/delay/sam/cycle_counter.o
                              0x81f8c (size before relaxing)
 .debug_str     0x00088495      0x3f9 src/ASF/common/services/clock/same70/sysclk.o
                              0x864aa (size before relaxing)
 .debug_str     0x0008888e       0xbd src/ASF/common/services/sleepmgr/sam/sleepmgr.o
                              0x81f98 (size before relaxing)
 .debug_str     0x0008894b       0x94 src/ASF/common/utils/interrupt/interrupt_sam_nvic.o
                              0x81e5c (size before relaxing)
 .debug_str     0x000889df       0x2c src/ASF/common/utils/stdio/read.o
                              0x81e05 (size before relaxing)
 .debug_str     0x00088a0b       0x26 src/ASF/common/utils/stdio/write.o
                              0x81e06 (size before relaxing)
 .debug_str     0x00088a31      0x9cb src/ASF/sam/boards/same70_xplained/init.o
                              0x870a8 (size before relaxing)
 .debug_str     0x000893fc      0x845 src/ASF/sam/drivers/afec/afec.o
                              0x874c2 (size before relaxing)
 .debug_str     0x00089c41      0x5b0 src/ASF/sam/drivers/pio/pio.o
                              0x829b2 (size before relaxing)
 .debug_str     0x0008a1f1      0x111 src/ASF/sam/drivers/pio/pio_handler.o
                              0x82ad4 (size before relaxing)
 .debug_str     0x0008a302      0x699 src/ASF/sam/drivers/pmc/pmc.o
                              0x82b16 (size before relaxing)
 .debug_str     0x0008a99b      0x1f1 src/ASF/sam/drivers/uart/uart.o
                              0x8210c (size before relaxing)
 .debug_str     0x0008ab8c      0x90a src/ASF/sam/drivers/usart/usart.o
                              0x829a4 (size before relaxing)
 .debug_str     0x0008b496      0x606 src/ASF/sam/utils/cmsis/same70/source/templates/gcc/startup_same70.o
                              0x82629 (size before relaxing)
 .debug_str     0x0008ba9c      0x137 src/ASF/sam/utils/cmsis/same70/source/templates/system_same70.o
                              0x72870 (size before relaxing)
 .debug_str     0x0008bbd3      0x768 src/ASF/sam/utils/syscalls/gcc/syscalls.o
                               0x74a1 (size before relaxing)

.debug_frame    0x00000000     0x2318
 .debug_frame   0x00000000       0x80 src/main.o
 .debug_frame   0x00000080       0x20 src/ASF/common/services/delay/sam/cycle_counter.o
 .debug_frame   0x000000a0       0x88 src/ASF/common/services/clock/same70/sysclk.o
 .debug_frame   0x00000128       0x30 src/ASF/common/utils/interrupt/interrupt_sam_nvic.o
 .debug_frame   0x00000158       0x30 src/ASF/common/utils/stdio/read.o
 .debug_frame   0x00000188       0x48 src/ASF/common/utils/stdio/write.o
 .debug_frame   0x000001d0       0x30 src/ASF/sam/boards/same70_xplained/init.o
 .debug_frame   0x00000200      0x1f0 src/ASF/sam/drivers/afec/afec.o
 .debug_frame   0x000003f0      0x390 src/ASF/sam/drivers/pio/pio.o
 .debug_frame   0x00000780      0x110 src/ASF/sam/drivers/pio/pio_handler.o
 .debug_frame   0x00000890      0x494 src/ASF/sam/drivers/pmc/pmc.o
 .debug_frame   0x00000d24      0x19c src/ASF/sam/drivers/uart/uart.o
 .debug_frame   0x00000ec0      0x5c0 src/ASF/sam/drivers/usart/usart.o
 .debug_frame   0x00001480       0x38 src/ASF/sam/utils/cmsis/same70/source/templates/gcc/startup_same70.o
 .debug_frame   0x000014b8       0x40 src/ASF/sam/utils/cmsis/same70/source/templates/system_same70.o
 .debug_frame   0x000014f8       0xa0 src/ASF/sam/utils/syscalls/gcc/syscalls.o
 .debug_frame   0x00001598       0x2c c:/program files (x86)/atmel/studio/7.0/toolchain/arm/arm-gnu-toolchain/bin/../lib/gcc/arm-none-eabi/6.3.1/../../../../arm-none-eabi/lib/thumb/v7e-m\libc.a(lib_a-init.o)
 .debug_frame   0x000015c4       0x74 c:/program files (x86)/atmel/studio/7.0/toolchain/arm/arm-gnu-toolchain/bin/../lib/gcc/arm-none-eabi/6.3.1/../../../../arm-none-eabi/lib/thumb/v7e-m\libc.a(lib_a-iprintf.o)
 .debug_frame   0x00001638       0x34 c:/program files (x86)/atmel/studio/7.0/toolchain/arm/arm-gnu-toolchain/bin/../lib/gcc/arm-none-eabi/6.3.1/../../../../arm-none-eabi/lib/thumb/v7e-m\libc.a(lib_a-memset.o)
 .debug_frame   0x0000166c       0x4c c:/program files (x86)/atmel/studio/7.0/toolchain/arm/arm-gnu-toolchain/bin/../lib/gcc/arm-none-eabi/6.3.1/../../../../arm-none-eabi/lib/thumb/v7e-m\libc.a(lib_a-puts.o)
 .debug_frame   0x000016b8       0x20 c:/program files (x86)/atmel/studio/7.0/toolchain/arm/arm-gnu-toolchain/bin/../lib/gcc/arm-none-eabi/6.3.1/../../../../arm-none-eabi/lib/thumb/v7e-m\libc.a(lib_a-setbuf.o)
 .debug_frame   0x000016d8       0x48 c:/program files (x86)/atmel/studio/7.0/toolchain/arm/arm-gnu-toolchain/bin/../lib/gcc/arm-none-eabi/6.3.1/../../../../arm-none-eabi/lib/thumb/v7e-m\libc.a(lib_a-setvbuf.o)
 .debug_frame   0x00001720       0xd8 c:/program files (x86)/atmel/studio/7.0/toolchain/arm/arm-gnu-toolchain/bin/../lib/gcc/arm-none-eabi/6.3.1/../../../../arm-none-eabi/lib/thumb/v7e-m\libc.a(lib_a-vfiprintf.o)
 .debug_frame   0x000017f8       0x2c c:/program files (x86)/atmel/studio/7.0/toolchain/arm/arm-gnu-toolchain/bin/../lib/gcc/arm-none-eabi/6.3.1/../../../../arm-none-eabi/lib/thumb/v7e-m\libc.a(lib_a-wsetup.o)
 .debug_frame   0x00001824       0x5c c:/program files (x86)/atmel/studio/7.0/toolchain/arm/arm-gnu-toolchain/bin/../lib/gcc/arm-none-eabi/6.3.1/../../../../arm-none-eabi/lib/thumb/v7e-m\libc.a(lib_a-__call_atexit.o)
 .debug_frame   0x00001880       0x20 c:/program files (x86)/atmel/studio/7.0/toolchain/arm/arm-gnu-toolchain/bin/../lib/gcc/arm-none-eabi/6.3.1/../../../../arm-none-eabi/lib/thumb/v7e-m\libc.a(lib_a-atexit.o)
 .debug_frame   0x000018a0       0x5c c:/program files (x86)/atmel/studio/7.0/toolchain/arm/arm-gnu-toolchain/bin/../lib/gcc/arm-none-eabi/6.3.1/../../../../arm-none-eabi/lib/thumb/v7e-m\libc.a(lib_a-fflush.o)
 .debug_frame   0x000018fc      0x148 c:/program files (x86)/atmel/studio/7.0/toolchain/arm/arm-gnu-toolchain/bin/../lib/gcc/arm-none-eabi/6.3.1/../../../../arm-none-eabi/lib/thumb/v7e-m\libc.a(lib_a-findfp.o)
 .debug_frame   0x00001a44       0x34 c:/program files (x86)/atmel/studio/7.0/toolchain/arm/arm-gnu-toolchain/bin/../lib/gcc/arm-none-eabi/6.3.1/../../../../arm-none-eabi/lib/thumb/v7e-m\libc.a(lib_a-fini.o)
 .debug_frame   0x00001a78       0x94 c:/program files (x86)/atmel/studio/7.0/toolchain/arm/arm-gnu-toolchain/bin/../lib/gcc/arm-none-eabi/6.3.1/../../../../arm-none-eabi/lib/thumb/v7e-m\libc.a(lib_a-fputwc.o)
 .debug_frame   0x00001b0c       0x74 c:/program files (x86)/atmel/studio/7.0/toolchain/arm/arm-gnu-toolchain/bin/../lib/gcc/arm-none-eabi/6.3.1/../../../../arm-none-eabi/lib/thumb/v7e-m\libc.a(lib_a-freer.o)
 .debug_frame   0x00001b80       0x68 c:/program files (x86)/atmel/studio/7.0/toolchain/arm/arm-gnu-toolchain/bin/../lib/gcc/arm-none-eabi/6.3.1/../../../../arm-none-eabi/lib/thumb/v7e-m\libc.a(lib_a-fvwrite.o)
 .debug_frame   0x00001be8       0x54 c:/program files (x86)/atmel/studio/7.0/toolchain/arm/arm-gnu-toolchain/bin/../lib/gcc/arm-none-eabi/6.3.1/../../../../arm-none-eabi/lib/thumb/v7e-m\libc.a(lib_a-fwalk.o)
 .debug_frame   0x00001c3c       0x6c c:/program files (x86)/atmel/studio/7.0/toolchain/arm/arm-gnu-toolchain/bin/../lib/gcc/arm-none-eabi/6.3.1/../../../../arm-none-eabi/lib/thumb/v7e-m\libc.a(lib_a-locale.o)
 .debug_frame   0x00001ca8       0xb0 c:/program files (x86)/atmel/studio/7.0/toolchain/arm/arm-gnu-toolchain/bin/../lib/gcc/arm-none-eabi/6.3.1/../../../../arm-none-eabi/lib/thumb/v7e-m\libc.a(lib_a-lock.o)
 .debug_frame   0x00001d58       0x68 c:/program files (x86)/atmel/studio/7.0/toolchain/arm/arm-gnu-toolchain/bin/../lib/gcc/arm-none-eabi/6.3.1/../../../../arm-none-eabi/lib/thumb/v7e-m\libc.a(lib_a-makebuf.o)
 .debug_frame   0x00001dc0       0x30 c:/program files (x86)/atmel/studio/7.0/toolchain/arm/arm-gnu-toolchain/bin/../lib/gcc/arm-none-eabi/6.3.1/../../../../arm-none-eabi/lib/thumb/v7e-m\libc.a(lib_a-malloc.o)
 .debug_frame   0x00001df0       0x58 c:/program files (x86)/atmel/studio/7.0/toolchain/arm/arm-gnu-toolchain/bin/../lib/gcc/arm-none-eabi/6.3.1/../../../../arm-none-eabi/lib/thumb/v7e-m\libc.a(lib_a-mallocr.o)
 .debug_frame   0x00001e48       0x4c c:/program files (x86)/atmel/studio/7.0/toolchain/arm/arm-gnu-toolchain/bin/../lib/gcc/arm-none-eabi/6.3.1/../../../../arm-none-eabi/lib/thumb/v7e-m\libc.a(lib_a-mbtowc_r.o)
 .debug_frame   0x00001e94       0x30 c:/program files (x86)/atmel/studio/7.0/toolchain/arm/arm-gnu-toolchain/bin/../lib/gcc/arm-none-eabi/6.3.1/../../../../arm-none-eabi/lib/thumb/v7e-m\libc.a(lib_a-memmove.o)
 .debug_frame   0x00001ec4       0x30 c:/program files (x86)/atmel/studio/7.0/toolchain/arm/arm-gnu-toolchain/bin/../lib/gcc/arm-none-eabi/6.3.1/../../../../arm-none-eabi/lib/thumb/v7e-m\libc.a(lib_a-mlock.o)
 .debug_frame   0x00001ef4       0x68 c:/program files (x86)/atmel/studio/7.0/toolchain/arm/arm-gnu-toolchain/bin/../lib/gcc/arm-none-eabi/6.3.1/../../../../arm-none-eabi/lib/thumb/v7e-m\libc.a(lib_a-reallocr.o)
 .debug_frame   0x00001f5c       0x2c c:/program files (x86)/atmel/studio/7.0/toolchain/arm/arm-gnu-toolchain/bin/../lib/gcc/arm-none-eabi/6.3.1/../../../../arm-none-eabi/lib/thumb/v7e-m\libc.a(lib_a-sbrkr.o)
 .debug_frame   0x00001f88       0x88 c:/program files (x86)/atmel/studio/7.0/toolchain/arm/arm-gnu-toolchain/bin/../lib/gcc/arm-none-eabi/6.3.1/../../../../arm-none-eabi/lib/thumb/v7e-m\libc.a(lib_a-stdio.o)
 .debug_frame   0x00002010       0x40 c:/program files (x86)/atmel/studio/7.0/toolchain/arm/arm-gnu-toolchain/bin/../lib/gcc/arm-none-eabi/6.3.1/../../../../arm-none-eabi/lib/thumb/v7e-m\libc.a(lib_a-wbuf.o)
 .debug_frame   0x00002050       0x5c c:/program files (x86)/atmel/studio/7.0/toolchain/arm/arm-gnu-toolchain/bin/../lib/gcc/arm-none-eabi/6.3.1/../../../../arm-none-eabi/lib/thumb/v7e-m\libc.a(lib_a-wcrtomb.o)
 .debug_frame   0x000020ac       0x3c c:/program files (x86)/atmel/studio/7.0/toolchain/arm/arm-gnu-toolchain/bin/../lib/gcc/arm-none-eabi/6.3.1/../../../../arm-none-eabi/lib/thumb/v7e-m\libc.a(lib_a-wctomb_r.o)
 .debug_frame   0x000020e8       0x2c c:/program files (x86)/atmel/studio/7.0/toolchain/arm/arm-gnu-toolchain/bin/../lib/gcc/arm-none-eabi/6.3.1/../../../../arm-none-eabi/lib/thumb/v7e-m\libc.a(lib_a-writer.o)
 .debug_frame   0x00002114       0x34 c:/program files (x86)/atmel/studio/7.0/toolchain/arm/arm-gnu-toolchain/bin/../lib/gcc/arm-none-eabi/6.3.1/../../../../arm-none-eabi/lib/thumb/v7e-m\libc.a(lib_a-__atexit.o)
 .debug_frame   0x00002148       0x2c c:/program files (x86)/atmel/studio/7.0/toolchain/arm/arm-gnu-toolchain/bin/../lib/gcc/arm-none-eabi/6.3.1/../../../../arm-none-eabi/lib/thumb/v7e-m\libc.a(lib_a-closer.o)
 .debug_frame   0x00002174       0x3c c:/program files (x86)/atmel/studio/7.0/toolchain/arm/arm-gnu-toolchain/bin/../lib/gcc/arm-none-eabi/6.3.1/../../../../arm-none-eabi/lib/thumb/v7e-m\libc.a(lib_a-fclose.o)
 .debug_frame   0x000021b0       0x2c c:/program files (x86)/atmel/studio/7.0/toolchain/arm/arm-gnu-toolchain/bin/../lib/gcc/arm-none-eabi/6.3.1/../../../../arm-none-eabi/lib/thumb/v7e-m\libc.a(lib_a-fstatr.o)
 .debug_frame   0x000021dc       0x2c c:/program files (x86)/atmel/studio/7.0/toolchain/arm/arm-gnu-toolchain/bin/../lib/gcc/arm-none-eabi/6.3.1/../../../../arm-none-eabi/lib/thumb/v7e-m\libc.a(lib_a-isattyr.o)
 .debug_frame   0x00002208       0x2c c:/program files (x86)/atmel/studio/7.0/toolchain/arm/arm-gnu-toolchain/bin/../lib/gcc/arm-none-eabi/6.3.1/../../../../arm-none-eabi/lib/thumb/v7e-m\libc.a(lib_a-lseekr.o)
 .debug_frame   0x00002234       0x2c c:/program files (x86)/atmel/studio/7.0/toolchain/arm/arm-gnu-toolchain/bin/../lib/gcc/arm-none-eabi/6.3.1/../../../../arm-none-eabi/lib/thumb/v7e-m\libc.a(lib_a-readr.o)
 .debug_frame   0x00002260       0x58 c:/program files (x86)/atmel/studio/7.0/toolchain/arm/arm-gnu-toolchain/bin/../lib/gcc/arm-none-eabi/6.3.1/../../../../arm-none-eabi/lib/thumb/v7e-m\libc.a(lib_a-reent.o)
 .debug_frame   0x000022b8       0x2c c:/program files (x86)/atmel/studio/7.0/toolchain/arm/arm-gnu-toolchain/bin/../lib/gcc/arm-none-eabi/6.3.1/thumb/v7e-m\libgcc.a(_aeabi_uldivmod.o)
 .debug_frame   0x000022e4       0x34 c:/program files (x86)/atmel/studio/7.0/toolchain/arm/arm-gnu-toolchain/bin/../lib/gcc/arm-none-eabi/6.3.1/thumb/v7e-m\libgcc.a(_udivmoddi4.o)

Cross Reference Table

Symbol                                            File
ACC_Handler                                       src/ASF/sam/utils/cmsis/same70/source/templates/gcc/startup_same70.o
AES_Handler                                       src/ASF/sam/utils/cmsis/same70/source/templates/gcc/startup_same70.o
AFEC0_Handler                                     src/ASF/sam/drivers/afec/afec.o
AFEC1_Handler                                     src/ASF/sam/drivers/afec/afec.o
BusFault_Handler                                  src/ASF/sam/utils/cmsis/same70/source/templates/gcc/startup_same70.o
DACC_Handler                                      src/ASF/sam/utils/cmsis/same70/source/templates/gcc/startup_same70.o
DebugMon_Handler                                  src/ASF/sam/utils/cmsis/same70/source/templates/gcc/startup_same70.o
Dummy_Handler                                     src/ASF/sam/utils/cmsis/same70/source/templates/gcc/startup_same70.o
EFC_Handler                                       src/ASF/sam/utils/cmsis/same70/source/templates/gcc/startup_same70.o
GMAC_Handler                                      src/ASF/sam/utils/cmsis/same70/source/templates/gcc/startup_same70.o
HSMCI_Handler                                     src/ASF/sam/utils/cmsis/same70/source/templates/gcc/startup_same70.o
HardFault_Handler                                 src/ASF/sam/utils/cmsis/same70/source/templates/gcc/startup_same70.o
ICM_Handler                                       src/ASF/sam/utils/cmsis/same70/source/templates/gcc/startup_same70.o
ISI_Handler                                       src/ASF/sam/utils/cmsis/same70/source/templates/gcc/startup_same70.o
MCAN0_Handler                                     src/ASF/sam/utils/cmsis/same70/source/templates/gcc/startup_same70.o
MCAN1_Handler                                     src/ASF/sam/utils/cmsis/same70/source/templates/gcc/startup_same70.o
MemManage_Handler                                 src/ASF/sam/utils/cmsis/same70/source/templates/gcc/startup_same70.o
NMI_Handler                                       src/ASF/sam/utils/cmsis/same70/source/templates/gcc/startup_same70.o
PIOA_Handler                                      src/ASF/sam/drivers/pio/pio_handler.o
PIOB_Handler                                      src/ASF/sam/drivers/pio/pio_handler.o